ERROR 2026-07-07 15:22:22,842 log Internal Server Error: /api/products/
Traceback (most recent call last):
  File "C:\Users\LENOVO\Desktop\LANCS STORAGE SYSTEM (Fix)\My_inventory\.venv\Lib\site-packages\django\db\models\sql\query.py", line 2245, in add_fields
    join_info = self.setup_joins(
                ^^^^^^^^^^^^^^^^^
  File "C:\Users\LENOVO\Desktop\LANCS STORAGE SYSTEM (Fix)\My_inventory\.venv\Lib\site-packages\django\db\models\sql\query.py", line 1908, in setup_joins
    path, final_field, targets, rest = self.names_to_path(
                                       ^^^^^^^^^^^^^^^^^^^
  File "C:\Users\LENOVO\Desktop\LANCS STORAGE SYSTEM (Fix)\My_inventory\.venv\Lib\site-packages\django\db\models\sql\query.py", line 1813, in names_to_path
    raise FieldError(
django.core.exceptions.FieldError: Cannot resolve keyword 'is_reserved' into field. Choices are: awb, category, date_added, description, id, location, movements, part_number, platform, pre_order_number, product_code, quantity, serial_number, stocktakeitem

During handling of the above exception, another exception occurred:

Traceback (most recent call last):
  File "C:\Users\LENOVO\Desktop\LANCS STORAGE SYSTEM (Fix)\My_inventory\.venv\Lib\site-packages\django\core\handlers\exception.py", line 55, in inner
    response = get_response(request)
               ^^^^^^^^^^^^^^^^^^^^^
  File "C:\Users\LENOVO\Desktop\LANCS STORAGE SYSTEM (Fix)\My_inventory\.venv\Lib\site-packages\django\core\handlers\base.py", line 197, in _get_response
    response = wrapped_callback(request, *callback_args, **callback_kwargs)
               ^^^^^^^^^^^^^^^^^^^^^^^^^^^^^^^^^^^^^^^^^^^^^^^^^^^^^^^^^^^^
  File "C:\Users\LENOVO\Desktop\LANCS STORAGE SYSTEM (Fix)\My_inventory\.venv\Lib\site-packages\django\contrib\auth\decorators.py", line 59, in _view_wrapper
    return view_func(request, *args, **kwargs)
           ^^^^^^^^^^^^^^^^^^^^^^^^^^^^^^^^^^^
  File "C:\Users\LENOVO\Desktop\LANCS STORAGE SYSTEM (Fix)\My_inventory\inventory_system\gudang\decorators.py", line 23, in wrapper
    return view_func(request, *args, **kwargs)
           ^^^^^^^^^^^^^^^^^^^^^^^^^^^^^^^^^^^
  File "C:\Users\LENOVO\Desktop\LANCS STORAGE SYSTEM (Fix)\My_inventory\inventory_system\gudang\views.py", line 104, in get_products
    products = list(Product.objects.values(
                    ^^^^^^^^^^^^^^^^^^^^^^^
  File "C:\Users\LENOVO\Desktop\LANCS STORAGE SYSTEM (Fix)\My_inventory\.venv\Lib\site-packages\django\db\models\manager.py", line 87, in manager_method
    return getattr(self.get_queryset(), name)(*args, **kwargs)
           ^^^^^^^^^^^^^^^^^^^^^^^^^^^^^^^^^^^^^^^^^^^^^^^^^^^
  File "C:\Users\LENOVO\Desktop\LANCS STORAGE SYSTEM (Fix)\My_inventory\.venv\Lib\site-packages\django\db\models\query.py", line 1370, in values
    clone = self._values(*fields, **expressions)
            ^^^^^^^^^^^^^^^^^^^^^^^^^^^^^^^^^^^^
  File "C:\Users\LENOVO\Desktop\LANCS STORAGE SYSTEM (Fix)\My_inventory\.venv\Lib\site-packages\django\db\models\query.py", line 1365, in _values
    clone.query.set_values(fields)
  File "C:\Users\LENOVO\Desktop\LANCS STORAGE SYSTEM (Fix)\My_inventory\.venv\Lib\site-packages\django\db\models\sql\query.py", line 2584, in set_values
    self.add_fields(field_names, True)
  File "C:\Users\LENOVO\Desktop\LANCS STORAGE SYSTEM (Fix)\My_inventory\.venv\Lib\site-packages\django\db\models\sql\query.py", line 2286, in add_fields
    raise FieldError(
django.core.exceptions.FieldError: Cannot resolve keyword 'is_reserved' into field. Choices are: awb, category, date_added, description, id, location, movements, part_number, platform, pre_order_number, product_code, quantity, serial_number, stocktakeitem
ERROR 2026-07-07 15:22:22,974 basehttp "GET /api/products/ HTTP/1.1" 500 145
ERROR 2026-07-09 09:48:11,398 log Internal Server Error: /api/products/
Traceback (most recent call last):
  File "C:\Users\LENOVO\Desktop\LANCS STORAGE SYSTEM (Fix)\My_inventory\.venv\Lib\site-packages\django\db\models\sql\query.py", line 2245, in add_fields
    join_info = self.setup_joins(
                ^^^^^^^^^^^^^^^^^
  File "C:\Users\LENOVO\Desktop\LANCS STORAGE SYSTEM (Fix)\My_inventory\.venv\Lib\site-packages\django\db\models\sql\query.py", line 1908, in setup_joins
    path, final_field, targets, rest = self.names_to_path(
                                       ^^^^^^^^^^^^^^^^^^^
  File "C:\Users\LENOVO\Desktop\LANCS STORAGE SYSTEM (Fix)\My_inventory\.venv\Lib\site-packages\django\db\models\sql\query.py", line 1813, in names_to_path
    raise FieldError(
django.core.exceptions.FieldError: Cannot resolve keyword 'is_reserved' into field. Choices are: awb, category, date_added, description, id, location, movements, part_number, platform, pre_order_number, product_code, quantity, serial_number, stocktakeitem

During handling of the above exception, another exception occurred:

Traceback (most recent call last):
  File "C:\Users\LENOVO\Desktop\LANCS STORAGE SYSTEM (Fix)\My_inventory\.venv\Lib\site-packages\django\core\handlers\exception.py", line 55, in inner
    response = get_response(request)
               ^^^^^^^^^^^^^^^^^^^^^
  File "C:\Users\LENOVO\Desktop\LANCS STORAGE SYSTEM (Fix)\My_inventory\.venv\Lib\site-packages\django\core\handlers\base.py", line 197, in _get_response
    response = wrapped_callback(request, *callback_args, **callback_kwargs)
               ^^^^^^^^^^^^^^^^^^^^^^^^^^^^^^^^^^^^^^^^^^^^^^^^^^^^^^^^^^^^
  File "C:\Users\LENOVO\Desktop\LANCS STORAGE SYSTEM (Fix)\My_inventory\.venv\Lib\site-packages\django\contrib\auth\decorators.py", line 59, in _view_wrapper
    return view_func(request, *args, **kwargs)
           ^^^^^^^^^^^^^^^^^^^^^^^^^^^^^^^^^^^
  File "C:\Users\LENOVO\Desktop\LANCS STORAGE SYSTEM (Fix)\My_inventory\inventory_system\gudang\decorators.py", line 23, in wrapper
    return view_func(request, *args, **kwargs)
           ^^^^^^^^^^^^^^^^^^^^^^^^^^^^^^^^^^^
  File "C:\Users\LENOVO\Desktop\LANCS STORAGE SYSTEM (Fix)\My_inventory\inventory_system\gudang\views.py", line 104, in get_products
    products = list(Product.objects.values(
                    ^^^^^^^^^^^^^^^^^^^^^^^
  File "C:\Users\LENOVO\Desktop\LANCS STORAGE SYSTEM (Fix)\My_inventory\.venv\Lib\site-packages\django\db\models\manager.py", line 87, in manager_method
    return getattr(self.get_queryset(), name)(*args, **kwargs)
           ^^^^^^^^^^^^^^^^^^^^^^^^^^^^^^^^^^^^^^^^^^^^^^^^^^^
  File "C:\Users\LENOVO\Desktop\LANCS STORAGE SYSTEM (Fix)\My_inventory\.venv\Lib\site-packages\django\db\models\query.py", line 1370, in values
    clone = self._values(*fields, **expressions)
            ^^^^^^^^^^^^^^^^^^^^^^^^^^^^^^^^^^^^
  File "C:\Users\LENOVO\Desktop\LANCS STORAGE SYSTEM (Fix)\My_inventory\.venv\Lib\site-packages\django\db\models\query.py", line 1365, in _values
    clone.query.set_values(fields)
  File "C:\Users\LENOVO\Desktop\LANCS STORAGE SYSTEM (Fix)\My_inventory\.venv\Lib\site-packages\django\db\models\sql\query.py", line 2584, in set_values
    self.add_fields(field_names, True)
  File "C:\Users\LENOVO\Desktop\LANCS STORAGE SYSTEM (Fix)\My_inventory\.venv\Lib\site-packages\django\db\models\sql\query.py", line 2286, in add_fields
    raise FieldError(
django.core.exceptions.FieldError: Cannot resolve keyword 'is_reserved' into field. Choices are: awb, category, date_added, description, id, location, movements, part_number, platform, pre_order_number, product_code, quantity, serial_number, stocktakeitem
ERROR 2026-07-09 09:48:11,491 basehttp "GET /api/products/ HTTP/1.1" 500 145
ERROR 2026-07-30 11:02:05,205 log Internal Server Error: /
Traceback (most recent call last):
  File "C:\Users\LENOVO\Desktop\LANCS STORAGE SYSTEM (Fix)\My_inventory\.venv\Lib\site-packages\django\template\base.py", line 511, in parse
    compile_func = self.tags[command]
                   ~~~~~~~~~^^^^^^^^^
KeyError: 'static'

During handling of the above exception, another exception occurred:

Traceback (most recent call last):
  File "C:\Users\LENOVO\Desktop\LANCS STORAGE SYSTEM (Fix)\My_inventory\.venv\Lib\site-packages\django\core\handlers\exception.py", line 55, in inner
    response = get_response(request)
               ^^^^^^^^^^^^^^^^^^^^^
  File "C:\Users\LENOVO\Desktop\LANCS STORAGE SYSTEM (Fix)\My_inventory\.venv\Lib\site-packages\django\core\handlers\base.py", line 197, in _get_response
    response = wrapped_callback(request, *callback_args, **callback_kwargs)
               ^^^^^^^^^^^^^^^^^^^^^^^^^^^^^^^^^^^^^^^^^^^^^^^^^^^^^^^^^^^^
  File "C:\Users\LENOVO\Desktop\LANCS STORAGE SYSTEM (Fix)\My_inventory\.venv\Lib\site-packages\django\contrib\auth\decorators.py", line 59, in _view_wrapper
    return view_func(request, *args, **kwargs)
           ^^^^^^^^^^^^^^^^^^^^^^^^^^^^^^^^^^^
  File "C:\Users\LENOVO\Desktop\LANCS STORAGE SYSTEM (Fix)\My_inventory\inventory_system\gudang\views.py", line 81, in index
    return render(request, 'index.html', context)
           ^^^^^^^^^^^^^^^^^^^^^^^^^^^^^^^^^^^^^^
  File "C:\Users\LENOVO\Desktop\LANCS STORAGE SYSTEM (Fix)\My_inventory\.venv\Lib\site-packages\django\shortcuts.py", line 25, in render
    content = loader.render_to_string(template_name, context, request, using=using)
              ^^^^^^^^^^^^^^^^^^^^^^^^^^^^^^^^^^^^^^^^^^^^^^^^^^^^^^^^^^^^^^^^^^^^^
  File "C:\Users\LENOVO\Desktop\LANCS STORAGE SYSTEM (Fix)\My_inventory\.venv\Lib\site-packages\django\template\loader.py", line 61, in render_to_string
    template = get_template(template_name, using=using)
               ^^^^^^^^^^^^^^^^^^^^^^^^^^^^^^^^^^^^^^^^
  File "C:\Users\LENOVO\Desktop\LANCS STORAGE SYSTEM (Fix)\My_inventory\.venv\Lib\site-packages\django\template\loader.py", line 15, in get_template
    return engine.get_template(template_name)
           ^^^^^^^^^^^^^^^^^^^^^^^^^^^^^^^^^^
  File "C:\Users\LENOVO\Desktop\LANCS STORAGE SYSTEM (Fix)\My_inventory\.venv\Lib\site-packages\django\template\backends\django.py", line 79, in get_template
    return Template(self.engine.get_template(template_name), self)
                    ^^^^^^^^^^^^^^^^^^^^^^^^^^^^^^^^^^^^^^^
  File "C:\Users\LENOVO\Desktop\LANCS STORAGE SYSTEM (Fix)\My_inventory\.venv\Lib\site-packages\django\template\engine.py", line 177, in get_template
    template, origin = self.find_template(template_name)
                       ^^^^^^^^^^^^^^^^^^^^^^^^^^^^^^^^^
  File "C:\Users\LENOVO\Desktop\LANCS STORAGE SYSTEM (Fix)\My_inventory\.venv\Lib\site-packages\django\template\engine.py", line 159, in find_template
    template = loader.get_template(name, skip=skip)
               ^^^^^^^^^^^^^^^^^^^^^^^^^^^^^^^^^^^^
  File "C:\Users\LENOVO\Desktop\LANCS STORAGE SYSTEM (Fix)\My_inventory\.venv\Lib\site-packages\django\template\loaders\cached.py", line 57, in get_template
    template = super().get_template(template_name, skip)
               ^^^^^^^^^^^^^^^^^^^^^^^^^^^^^^^^^^^^^^^^^
  File "C:\Users\LENOVO\Desktop\LANCS STORAGE SYSTEM (Fix)\My_inventory\.venv\Lib\site-packages\django\template\loaders\base.py", line 28, in get_template
    return Template(
           ^^^^^^^^^
  File "C:\Users\LENOVO\Desktop\LANCS STORAGE SYSTEM (Fix)\My_inventory\.venv\Lib\site-packages\django\template\base.py", line 155, in __init__
    self.nodelist = self.compile_nodelist()
                    ^^^^^^^^^^^^^^^^^^^^^^^
  File "C:\Users\LENOVO\Desktop\LANCS STORAGE SYSTEM (Fix)\My_inventory\.venv\Lib\site-packages\django\template\base.py", line 197, in compile_nodelist
    nodelist = parser.parse()
               ^^^^^^^^^^^^^^
  File "C:\Users\LENOVO\Desktop\LANCS STORAGE SYSTEM (Fix)\My_inventory\.venv\Lib\site-packages\django\template\base.py", line 513, in parse
    self.invalid_block_tag(token, command, parse_until)
  File "C:\Users\LENOVO\Desktop\LANCS STORAGE SYSTEM (Fix)\My_inventory\.venv\Lib\site-packages\django\template\base.py", line 578, in invalid_block_tag
    raise self.error(
django.template.exceptions.TemplateSyntaxError: Invalid block tag on line 215: 'static'. Did you forget to register or load this tag?
ERROR 2026-07-30 11:02:05,349 basehttp "GET / HTTP/1.1" 500 145
ERROR 2026-07-30 11:02:06,179 log Internal Server Error: /
Traceback (most recent call last):
  File "C:\Users\LENOVO\Desktop\LANCS STORAGE SYSTEM (Fix)\My_inventory\.venv\Lib\site-packages\django\template\base.py", line 511, in parse
    compile_func = self.tags[command]
                   ~~~~~~~~~^^^^^^^^^
KeyError: 'static'

During handling of the above exception, another exception occurred:

Traceback (most recent call last):
  File "C:\Users\LENOVO\Desktop\LANCS STORAGE SYSTEM (Fix)\My_inventory\.venv\Lib\site-packages\django\core\handlers\exception.py", line 55, in inner
    response = get_response(request)
               ^^^^^^^^^^^^^^^^^^^^^
  File "C:\Users\LENOVO\Desktop\LANCS STORAGE SYSTEM (Fix)\My_inventory\.venv\Lib\site-packages\django\core\handlers\base.py", line 197, in _get_response
    response = wrapped_callback(request, *callback_args, **callback_kwargs)
               ^^^^^^^^^^^^^^^^^^^^^^^^^^^^^^^^^^^^^^^^^^^^^^^^^^^^^^^^^^^^
  File "C:\Users\LENOVO\Desktop\LANCS STORAGE SYSTEM (Fix)\My_inventory\.venv\Lib\site-packages\django\contrib\auth\decorators.py", line 59, in _view_wrapper
    return view_func(request, *args, **kwargs)
           ^^^^^^^^^^^^^^^^^^^^^^^^^^^^^^^^^^^
  File "C:\Users\LENOVO\Desktop\LANCS STORAGE SYSTEM (Fix)\My_inventory\inventory_system\gudang\views.py", line 81, in index
    return render(request, 'index.html', context)
           ^^^^^^^^^^^^^^^^^^^^^^^^^^^^^^^^^^^^^^
  File "C:\Users\LENOVO\Desktop\LANCS STORAGE SYSTEM (Fix)\My_inventory\.venv\Lib\site-packages\django\shortcuts.py", line 25, in render
    content = loader.render_to_string(template_name, context, request, using=using)
              ^^^^^^^^^^^^^^^^^^^^^^^^^^^^^^^^^^^^^^^^^^^^^^^^^^^^^^^^^^^^^^^^^^^^^
  File "C:\Users\LENOVO\Desktop\LANCS STORAGE SYSTEM (Fix)\My_inventory\.venv\Lib\site-packages\django\template\loader.py", line 61, in render_to_string
    template = get_template(template_name, using=using)
               ^^^^^^^^^^^^^^^^^^^^^^^^^^^^^^^^^^^^^^^^
  File "C:\Users\LENOVO\Desktop\LANCS STORAGE SYSTEM (Fix)\My_inventory\.venv\Lib\site-packages\django\template\loader.py", line 15, in get_template
    return engine.get_template(template_name)
           ^^^^^^^^^^^^^^^^^^^^^^^^^^^^^^^^^^
  File "C:\Users\LENOVO\Desktop\LANCS STORAGE SYSTEM (Fix)\My_inventory\.venv\Lib\site-packages\django\template\backends\django.py", line 79, in get_template
    return Template(self.engine.get_template(template_name), self)
                    ^^^^^^^^^^^^^^^^^^^^^^^^^^^^^^^^^^^^^^^
  File "C:\Users\LENOVO\Desktop\LANCS STORAGE SYSTEM (Fix)\My_inventory\.venv\Lib\site-packages\django\template\engine.py", line 177, in get_template
    template, origin = self.find_template(template_name)
                       ^^^^^^^^^^^^^^^^^^^^^^^^^^^^^^^^^
  File "C:\Users\LENOVO\Desktop\LANCS STORAGE SYSTEM (Fix)\My_inventory\.venv\Lib\site-packages\django\template\engine.py", line 159, in find_template
    template = loader.get_template(name, skip=skip)
               ^^^^^^^^^^^^^^^^^^^^^^^^^^^^^^^^^^^^
  File "C:\Users\LENOVO\Desktop\LANCS STORAGE SYSTEM (Fix)\My_inventory\.venv\Lib\site-packages\django\template\loaders\cached.py", line 57, in get_template
    template = super().get_template(template_name, skip)
               ^^^^^^^^^^^^^^^^^^^^^^^^^^^^^^^^^^^^^^^^^
  File "C:\Users\LENOVO\Desktop\LANCS STORAGE SYSTEM (Fix)\My_inventory\.venv\Lib\site-packages\django\template\loaders\base.py", line 28, in get_template
    return Template(
           ^^^^^^^^^
  File "C:\Users\LENOVO\Desktop\LANCS STORAGE SYSTEM (Fix)\My_inventory\.venv\Lib\site-packages\django\template\base.py", line 155, in __init__
    self.nodelist = self.compile_nodelist()
                    ^^^^^^^^^^^^^^^^^^^^^^^
  File "C:\Users\LENOVO\Desktop\LANCS STORAGE SYSTEM (Fix)\My_inventory\.venv\Lib\site-packages\django\template\base.py", line 197, in compile_nodelist
    nodelist = parser.parse()
               ^^^^^^^^^^^^^^
  File "C:\Users\LENOVO\Desktop\LANCS STORAGE SYSTEM (Fix)\My_inventory\.venv\Lib\site-packages\django\template\base.py", line 513, in parse
    self.invalid_block_tag(token, command, parse_until)
  File "C:\Users\LENOVO\Desktop\LANCS STORAGE SYSTEM (Fix)\My_inventory\.venv\Lib\site-packages\django\template\base.py", line 578, in invalid_block_tag
    raise self.error(
django.template.exceptions.TemplateSyntaxError: Invalid block tag on line 215: 'static'. Did you forget to register or load this tag?
ERROR 2026-07-30 11:02:06,183 basehttp "GET / HTTP/1.1" 500 145
ERROR 2026-07-30 11:02:06,378 log Internal Server Error: /
Traceback (most recent call last):
  File "C:\Users\LENOVO\Desktop\LANCS STORAGE SYSTEM (Fix)\My_inventory\.venv\Lib\site-packages\django\template\base.py", line 511, in parse
    compile_func = self.tags[command]
                   ~~~~~~~~~^^^^^^^^^
KeyError: 'static'

During handling of the above exception, another exception occurred:

Traceback (most recent call last):
  File "C:\Users\LENOVO\Desktop\LANCS STORAGE SYSTEM (Fix)\My_inventory\.venv\Lib\site-packages\django\core\handlers\exception.py", line 55, in inner
    response = get_response(request)
               ^^^^^^^^^^^^^^^^^^^^^
  File "C:\Users\LENOVO\Desktop\LANCS STORAGE SYSTEM (Fix)\My_inventory\.venv\Lib\site-packages\django\core\handlers\base.py", line 197, in _get_response
    response = wrapped_callback(request, *callback_args, **callback_kwargs)
               ^^^^^^^^^^^^^^^^^^^^^^^^^^^^^^^^^^^^^^^^^^^^^^^^^^^^^^^^^^^^
  File "C:\Users\LENOVO\Desktop\LANCS STORAGE SYSTEM (Fix)\My_inventory\.venv\Lib\site-packages\django\contrib\auth\decorators.py", line 59, in _view_wrapper
    return view_func(request, *args, **kwargs)
           ^^^^^^^^^^^^^^^^^^^^^^^^^^^^^^^^^^^
  File "C:\Users\LENOVO\Desktop\LANCS STORAGE SYSTEM (Fix)\My_inventory\inventory_system\gudang\views.py", line 81, in index
    return render(request, 'index.html', context)
           ^^^^^^^^^^^^^^^^^^^^^^^^^^^^^^^^^^^^^^
  File "C:\Users\LENOVO\Desktop\LANCS STORAGE SYSTEM (Fix)\My_inventory\.venv\Lib\site-packages\django\shortcuts.py", line 25, in render
    content = loader.render_to_string(template_name, context, request, using=using)
              ^^^^^^^^^^^^^^^^^^^^^^^^^^^^^^^^^^^^^^^^^^^^^^^^^^^^^^^^^^^^^^^^^^^^^
  File "C:\Users\LENOVO\Desktop\LANCS STORAGE SYSTEM (Fix)\My_inventory\.venv\Lib\site-packages\django\template\loader.py", line 61, in render_to_string
    template = get_template(template_name, using=using)
               ^^^^^^^^^^^^^^^^^^^^^^^^^^^^^^^^^^^^^^^^
  File "C:\Users\LENOVO\Desktop\LANCS STORAGE SYSTEM (Fix)\My_inventory\.venv\Lib\site-packages\django\template\loader.py", line 15, in get_template
    return engine.get_template(template_name)
           ^^^^^^^^^^^^^^^^^^^^^^^^^^^^^^^^^^
  File "C:\Users\LENOVO\Desktop\LANCS STORAGE SYSTEM (Fix)\My_inventory\.venv\Lib\site-packages\django\template\backends\django.py", line 79, in get_template
    return Template(self.engine.get_template(template_name), self)
                    ^^^^^^^^^^^^^^^^^^^^^^^^^^^^^^^^^^^^^^^
  File "C:\Users\LENOVO\Desktop\LANCS STORAGE SYSTEM (Fix)\My_inventory\.venv\Lib\site-packages\django\template\engine.py", line 177, in get_template
    template, origin = self.find_template(template_name)
                       ^^^^^^^^^^^^^^^^^^^^^^^^^^^^^^^^^
  File "C:\Users\LENOVO\Desktop\LANCS STORAGE SYSTEM (Fix)\My_inventory\.venv\Lib\site-packages\django\template\engine.py", line 159, in find_template
    template = loader.get_template(name, skip=skip)
               ^^^^^^^^^^^^^^^^^^^^^^^^^^^^^^^^^^^^
  File "C:\Users\LENOVO\Desktop\LANCS STORAGE SYSTEM (Fix)\My_inventory\.venv\Lib\site-packages\django\template\loaders\cached.py", line 57, in get_template
    template = super().get_template(template_name, skip)
               ^^^^^^^^^^^^^^^^^^^^^^^^^^^^^^^^^^^^^^^^^
  File "C:\Users\LENOVO\Desktop\LANCS STORAGE SYSTEM (Fix)\My_inventory\.venv\Lib\site-packages\django\template\loaders\base.py", line 28, in get_template
    return Template(
           ^^^^^^^^^
  File "C:\Users\LENOVO\Desktop\LANCS STORAGE SYSTEM (Fix)\My_inventory\.venv\Lib\site-packages\django\template\base.py", line 155, in __init__
    self.nodelist = self.compile_nodelist()
                    ^^^^^^^^^^^^^^^^^^^^^^^
  File "C:\Users\LENOVO\Desktop\LANCS STORAGE SYSTEM (Fix)\My_inventory\.venv\Lib\site-packages\django\template\base.py", line 197, in compile_nodelist
    nodelist = parser.parse()
               ^^^^^^^^^^^^^^
  File "C:\Users\LENOVO\Desktop\LANCS STORAGE SYSTEM (Fix)\My_inventory\.venv\Lib\site-packages\django\template\base.py", line 513, in parse
    self.invalid_block_tag(token, command, parse_until)
  File "C:\Users\LENOVO\Desktop\LANCS STORAGE SYSTEM (Fix)\My_inventory\.venv\Lib\site-packages\django\template\base.py", line 578, in invalid_block_tag
    raise self.error(
django.template.exceptions.TemplateSyntaxError: Invalid block tag on line 215: 'static'. Did you forget to register or load this tag?
ERROR 2026-07-30 11:02:06,381 basehttp "GET / HTTP/1.1" 500 145
ERROR 2026-07-30 11:02:06,559 log Internal Server Error: /
Traceback (most recent call last):
  File "C:\Users\LENOVO\Desktop\LANCS STORAGE SYSTEM (Fix)\My_inventory\.venv\Lib\site-packages\django\template\base.py", line 511, in parse
    compile_func = self.tags[command]
                   ~~~~~~~~~^^^^^^^^^
KeyError: 'static'

During handling of the above exception, another exception occurred:

Traceback (most recent call last):
  File "C:\Users\LENOVO\Desktop\LANCS STORAGE SYSTEM (Fix)\My_inventory\.venv\Lib\site-packages\django\core\handlers\exception.py", line 55, in inner
    response = get_response(request)
               ^^^^^^^^^^^^^^^^^^^^^
  File "C:\Users\LENOVO\Desktop\LANCS STORAGE SYSTEM (Fix)\My_inventory\.venv\Lib\site-packages\django\core\handlers\base.py", line 197, in _get_response
    response = wrapped_callback(request, *callback_args, **callback_kwargs)
               ^^^^^^^^^^^^^^^^^^^^^^^^^^^^^^^^^^^^^^^^^^^^^^^^^^^^^^^^^^^^
  File "C:\Users\LENOVO\Desktop\LANCS STORAGE SYSTEM (Fix)\My_inventory\.venv\Lib\site-packages\django\contrib\auth\decorators.py", line 59, in _view_wrapper
    return view_func(request, *args, **kwargs)
           ^^^^^^^^^^^^^^^^^^^^^^^^^^^^^^^^^^^
  File "C:\Users\LENOVO\Desktop\LANCS STORAGE SYSTEM (Fix)\My_inventory\inventory_system\gudang\views.py", line 81, in index
    return render(request, 'index.html', context)
           ^^^^^^^^^^^^^^^^^^^^^^^^^^^^^^^^^^^^^^
  File "C:\Users\LENOVO\Desktop\LANCS STORAGE SYSTEM (Fix)\My_inventory\.venv\Lib\site-packages\django\shortcuts.py", line 25, in render
    content = loader.render_to_string(template_name, context, request, using=using)
              ^^^^^^^^^^^^^^^^^^^^^^^^^^^^^^^^^^^^^^^^^^^^^^^^^^^^^^^^^^^^^^^^^^^^^
  File "C:\Users\LENOVO\Desktop\LANCS STORAGE SYSTEM (Fix)\My_inventory\.venv\Lib\site-packages\django\template\loader.py", line 61, in render_to_string
    template = get_template(template_name, using=using)
               ^^^^^^^^^^^^^^^^^^^^^^^^^^^^^^^^^^^^^^^^
  File "C:\Users\LENOVO\Desktop\LANCS STORAGE SYSTEM (Fix)\My_inventory\.venv\Lib\site-packages\django\template\loader.py", line 15, in get_template
    return engine.get_template(template_name)
           ^^^^^^^^^^^^^^^^^^^^^^^^^^^^^^^^^^
  File "C:\Users\LENOVO\Desktop\LANCS STORAGE SYSTEM (Fix)\My_inventory\.venv\Lib\site-packages\django\template\backends\django.py", line 79, in get_template
    return Template(self.engine.get_template(template_name), self)
                    ^^^^^^^^^^^^^^^^^^^^^^^^^^^^^^^^^^^^^^^
  File "C:\Users\LENOVO\Desktop\LANCS STORAGE SYSTEM (Fix)\My_inventory\.venv\Lib\site-packages\django\template\engine.py", line 177, in get_template
    template, origin = self.find_template(template_name)
                       ^^^^^^^^^^^^^^^^^^^^^^^^^^^^^^^^^
  File "C:\Users\LENOVO\Desktop\LANCS STORAGE SYSTEM (Fix)\My_inventory\.venv\Lib\site-packages\django\template\engine.py", line 159, in find_template
    template = loader.get_template(name, skip=skip)
               ^^^^^^^^^^^^^^^^^^^^^^^^^^^^^^^^^^^^
  File "C:\Users\LENOVO\Desktop\LANCS STORAGE SYSTEM (Fix)\My_inventory\.venv\Lib\site-packages\django\template\loaders\cached.py", line 57, in get_template
    template = super().get_template(template_name, skip)
               ^^^^^^^^^^^^^^^^^^^^^^^^^^^^^^^^^^^^^^^^^
  File "C:\Users\LENOVO\Desktop\LANCS STORAGE SYSTEM (Fix)\My_inventory\.venv\Lib\site-packages\django\template\loaders\base.py", line 28, in get_template
    return Template(
           ^^^^^^^^^
  File "C:\Users\LENOVO\Desktop\LANCS STORAGE SYSTEM (Fix)\My_inventory\.venv\Lib\site-packages\django\template\base.py", line 155, in __init__
    self.nodelist = self.compile_nodelist()
                    ^^^^^^^^^^^^^^^^^^^^^^^
  File "C:\Users\LENOVO\Desktop\LANCS STORAGE SYSTEM (Fix)\My_inventory\.venv\Lib\site-packages\django\template\base.py", line 197, in compile_nodelist
    nodelist = parser.parse()
               ^^^^^^^^^^^^^^
  File "C:\Users\LENOVO\Desktop\LANCS STORAGE SYSTEM (Fix)\My_inventory\.venv\Lib\site-packages\django\template\base.py", line 513, in parse
    self.invalid_block_tag(token, command, parse_until)
  File "C:\Users\LENOVO\Desktop\LANCS STORAGE SYSTEM (Fix)\My_inventory\.venv\Lib\site-packages\django\template\base.py", line 578, in invalid_block_tag
    raise self.error(
django.template.exceptions.TemplateSyntaxError: Invalid block tag on line 215: 'static'. Did you forget to register or load this tag?
ERROR 2026-07-30 11:02:06,562 basehttp "GET / HTTP/1.1" 500 145
ERROR 2026-07-30 11:02:06,721 log Internal Server Error: /
Traceback (most recent call last):
  File "C:\Users\LENOVO\Desktop\LANCS STORAGE SYSTEM (Fix)\My_inventory\.venv\Lib\site-packages\django\template\base.py", line 511, in parse
    compile_func = self.tags[command]
                   ~~~~~~~~~^^^^^^^^^
KeyError: 'static'

During handling of the above exception, another exception occurred:

Traceback (most recent call last):
  File "C:\Users\LENOVO\Desktop\LANCS STORAGE SYSTEM (Fix)\My_inventory\.venv\Lib\site-packages\django\core\handlers\exception.py", line 55, in inner
    response = get_response(request)
               ^^^^^^^^^^^^^^^^^^^^^
  File "C:\Users\LENOVO\Desktop\LANCS STORAGE SYSTEM (Fix)\My_inventory\.venv\Lib\site-packages\django\core\handlers\base.py", line 197, in _get_response
    response = wrapped_callback(request, *callback_args, **callback_kwargs)
               ^^^^^^^^^^^^^^^^^^^^^^^^^^^^^^^^^^^^^^^^^^^^^^^^^^^^^^^^^^^^
  File "C:\Users\LENOVO\Desktop\LANCS STORAGE SYSTEM (Fix)\My_inventory\.venv\Lib\site-packages\django\contrib\auth\decorators.py", line 59, in _view_wrapper
    return view_func(request, *args, **kwargs)
           ^^^^^^^^^^^^^^^^^^^^^^^^^^^^^^^^^^^
  File "C:\Users\LENOVO\Desktop\LANCS STORAGE SYSTEM (Fix)\My_inventory\inventory_system\gudang\views.py", line 81, in index
    return render(request, 'index.html', context)
           ^^^^^^^^^^^^^^^^^^^^^^^^^^^^^^^^^^^^^^
  File "C:\Users\LENOVO\Desktop\LANCS STORAGE SYSTEM (Fix)\My_inventory\.venv\Lib\site-packages\django\shortcuts.py", line 25, in render
    content = loader.render_to_string(template_name, context, request, using=using)
              ^^^^^^^^^^^^^^^^^^^^^^^^^^^^^^^^^^^^^^^^^^^^^^^^^^^^^^^^^^^^^^^^^^^^^
  File "C:\Users\LENOVO\Desktop\LANCS STORAGE SYSTEM (Fix)\My_inventory\.venv\Lib\site-packages\django\template\loader.py", line 61, in render_to_string
    template = get_template(template_name, using=using)
               ^^^^^^^^^^^^^^^^^^^^^^^^^^^^^^^^^^^^^^^^
  File "C:\Users\LENOVO\Desktop\LANCS STORAGE SYSTEM (Fix)\My_inventory\.venv\Lib\site-packages\django\template\loader.py", line 15, in get_template
    return engine.get_template(template_name)
           ^^^^^^^^^^^^^^^^^^^^^^^^^^^^^^^^^^
  File "C:\Users\LENOVO\Desktop\LANCS STORAGE SYSTEM (Fix)\My_inventory\.venv\Lib\site-packages\django\template\backends\django.py", line 79, in get_template
    return Template(self.engine.get_template(template_name), self)
                    ^^^^^^^^^^^^^^^^^^^^^^^^^^^^^^^^^^^^^^^
  File "C:\Users\LENOVO\Desktop\LANCS STORAGE SYSTEM (Fix)\My_inventory\.venv\Lib\site-packages\django\template\engine.py", line 177, in get_template
    template, origin = self.find_template(template_name)
                       ^^^^^^^^^^^^^^^^^^^^^^^^^^^^^^^^^
  File "C:\Users\LENOVO\Desktop\LANCS STORAGE SYSTEM (Fix)\My_inventory\.venv\Lib\site-packages\django\template\engine.py", line 159, in find_template
    template = loader.get_template(name, skip=skip)
               ^^^^^^^^^^^^^^^^^^^^^^^^^^^^^^^^^^^^
  File "C:\Users\LENOVO\Desktop\LANCS STORAGE SYSTEM (Fix)\My_inventory\.venv\Lib\site-packages\django\template\loaders\cached.py", line 57, in get_template
    template = super().get_template(template_name, skip)
               ^^^^^^^^^^^^^^^^^^^^^^^^^^^^^^^^^^^^^^^^^
  File "C:\Users\LENOVO\Desktop\LANCS STORAGE SYSTEM (Fix)\My_inventory\.venv\Lib\site-packages\django\template\loaders\base.py", line 28, in get_template
    return Template(
           ^^^^^^^^^
  File "C:\Users\LENOVO\Desktop\LANCS STORAGE SYSTEM (Fix)\My_inventory\.venv\Lib\site-packages\django\template\base.py", line 155, in __init__
    self.nodelist = self.compile_nodelist()
                    ^^^^^^^^^^^^^^^^^^^^^^^
  File "C:\Users\LENOVO\Desktop\LANCS STORAGE SYSTEM (Fix)\My_inventory\.venv\Lib\site-packages\django\template\base.py", line 197, in compile_nodelist
    nodelist = parser.parse()
               ^^^^^^^^^^^^^^
  File "C:\Users\LENOVO\Desktop\LANCS STORAGE SYSTEM (Fix)\My_inventory\.venv\Lib\site-packages\django\template\base.py", line 513, in parse
    self.invalid_block_tag(token, command, parse_until)
  File "C:\Users\LENOVO\Desktop\LANCS STORAGE SYSTEM (Fix)\My_inventory\.venv\Lib\site-packages\django\template\base.py", line 578, in invalid_block_tag
    raise self.error(
django.template.exceptions.TemplateSyntaxError: Invalid block tag on line 215: 'static'. Did you forget to register or load this tag?
ERROR 2026-07-30 11:02:06,722 basehttp "GET / HTTP/1.1" 500 145
ERROR 2026-07-30 11:06:38,923 log Internal Server Error: /
Traceback (most recent call last):
  File "C:\Users\LENOVO\Desktop\LANCS STORAGE SYSTEM (Fix)\My_inventory\.venv\Lib\site-packages\django\core\handlers\exception.py", line 55, in inner
    response = get_response(request)
               ^^^^^^^^^^^^^^^^^^^^^
  File "C:\Users\LENOVO\Desktop\LANCS STORAGE SYSTEM (Fix)\My_inventory\.venv\Lib\site-packages\django\core\handlers\base.py", line 197, in _get_response
    response = wrapped_callback(request, *callback_args, **callback_kwargs)
               ^^^^^^^^^^^^^^^^^^^^^^^^^^^^^^^^^^^^^^^^^^^^^^^^^^^^^^^^^^^^
  File "C:\Users\LENOVO\Desktop\LANCS STORAGE SYSTEM (Fix)\My_inventory\.venv\Lib\site-packages\django\contrib\auth\decorators.py", line 59, in _view_wrapper
    return view_func(request, *args, **kwargs)
           ^^^^^^^^^^^^^^^^^^^^^^^^^^^^^^^^^^^
  File "C:\Users\LENOVO\Desktop\LANCS STORAGE SYSTEM (Fix)\My_inventory\inventory_system\gudang\views.py", line 81, in index
    return render(request, 'index.html', context)
           ^^^^^^^^^^^^^^^^^^^^^^^^^^^^^^^^^^^^^^
  File "C:\Users\LENOVO\Desktop\LANCS STORAGE SYSTEM (Fix)\My_inventory\.venv\Lib\site-packages\django\shortcuts.py", line 25, in render
    content = loader.render_to_string(template_name, context, request, using=using)
              ^^^^^^^^^^^^^^^^^^^^^^^^^^^^^^^^^^^^^^^^^^^^^^^^^^^^^^^^^^^^^^^^^^^^^
  File "C:\Users\LENOVO\Desktop\LANCS STORAGE SYSTEM (Fix)\My_inventory\.venv\Lib\site-packages\django\template\loader.py", line 62, in render_to_string
    return template.render(context, request)
           ^^^^^^^^^^^^^^^^^^^^^^^^^^^^^^^^^
  File "C:\Users\LENOVO\Desktop\LANCS STORAGE SYSTEM (Fix)\My_inventory\.venv\Lib\site-packages\django\template\backends\django.py", line 107, in render
    return self.template.render(context)
           ^^^^^^^^^^^^^^^^^^^^^^^^^^^^^
  File "C:\Users\LENOVO\Desktop\LANCS STORAGE SYSTEM (Fix)\My_inventory\.venv\Lib\site-packages\django\template\base.py", line 172, in render
    return self._render(context)
           ^^^^^^^^^^^^^^^^^^^^^
  File "C:\Users\LENOVO\Desktop\LANCS STORAGE SYSTEM (Fix)\My_inventory\.venv\Lib\site-packages\django\template\base.py", line 164, in _render
    return self.nodelist.render(context)
           ^^^^^^^^^^^^^^^^^^^^^^^^^^^^^
  File "C:\Users\LENOVO\Desktop\LANCS STORAGE SYSTEM (Fix)\My_inventory\.venv\Lib\site-packages\django\template\base.py", line 1018, in render
    return SafeString("".join([node.render_annotated(context) for node in self]))
                              ^^^^^^^^^^^^^^^^^^^^^^^^^^^^^^^^^^^^^^^^^^^^^^^^^
  File "C:\Users\LENOVO\Desktop\LANCS STORAGE SYSTEM (Fix)\My_inventory\.venv\Lib\site-packages\django\template\base.py", line 1018, in <listcomp>
    return SafeString("".join([node.render_annotated(context) for node in self]))
                               ^^^^^^^^^^^^^^^^^^^^^^^^^^^^^^
  File "C:\Users\LENOVO\Desktop\LANCS STORAGE SYSTEM (Fix)\My_inventory\.venv\Lib\site-packages\django\template\base.py", line 979, in render_annotated
    return self.render(context)
           ^^^^^^^^^^^^^^^^^^^^
  File "C:\Users\LENOVO\Desktop\LANCS STORAGE SYSTEM (Fix)\My_inventory\.venv\Lib\site-packages\django\templatetags\static.py", line 116, in render
    url = self.url(context)
          ^^^^^^^^^^^^^^^^^
  File "C:\Users\LENOVO\Desktop\LANCS STORAGE SYSTEM (Fix)\My_inventory\.venv\Lib\site-packages\django\templatetags\static.py", line 113, in url
    return self.handle_simple(path)
           ^^^^^^^^^^^^^^^^^^^^^^^^
  File "C:\Users\LENOVO\Desktop\LANCS STORAGE SYSTEM (Fix)\My_inventory\.venv\Lib\site-packages\django\templatetags\static.py", line 129, in handle_simple
    return staticfiles_storage.url(path)
           ^^^^^^^^^^^^^^^^^^^^^^^^^^^^^
  File "C:\Users\LENOVO\Desktop\LANCS STORAGE SYSTEM (Fix)\My_inventory\.venv\Lib\site-packages\django\contrib\staticfiles\storage.py", line 204, in url
    return self._url(self.stored_name, name, force)
           ^^^^^^^^^^^^^^^^^^^^^^^^^^^^^^^^^^^^^^^^
  File "C:\Users\LENOVO\Desktop\LANCS STORAGE SYSTEM (Fix)\My_inventory\.venv\Lib\site-packages\django\contrib\staticfiles\storage.py", line 183, in _url
    hashed_name = hashed_name_func(*args)
                  ^^^^^^^^^^^^^^^^^^^^^^^
  File "C:\Users\LENOVO\Desktop\LANCS STORAGE SYSTEM (Fix)\My_inventory\.venv\Lib\site-packages\django\contrib\staticfiles\storage.py", line 518, in stored_name
    raise ValueError(
ValueError: Missing staticfiles manifest entry for 'LogoLancs.jpg'
ERROR 2026-07-30 11:06:39,005 basehttp "GET / HTTP/1.1" 500 145
ERROR 2026-07-30 11:06:39,934 log Internal Server Error: /
Traceback (most recent call last):
  File "C:\Users\LENOVO\Desktop\LANCS STORAGE SYSTEM (Fix)\My_inventory\.venv\Lib\site-packages\django\core\handlers\exception.py", line 55, in inner
    response = get_response(request)
               ^^^^^^^^^^^^^^^^^^^^^
  File "C:\Users\LENOVO\Desktop\LANCS STORAGE SYSTEM (Fix)\My_inventory\.venv\Lib\site-packages\django\core\handlers\base.py", line 197, in _get_response
    response = wrapped_callback(request, *callback_args, **callback_kwargs)
               ^^^^^^^^^^^^^^^^^^^^^^^^^^^^^^^^^^^^^^^^^^^^^^^^^^^^^^^^^^^^
  File "C:\Users\LENOVO\Desktop\LANCS STORAGE SYSTEM (Fix)\My_inventory\.venv\Lib\site-packages\django\contrib\auth\decorators.py", line 59, in _view_wrapper
    return view_func(request, *args, **kwargs)
           ^^^^^^^^^^^^^^^^^^^^^^^^^^^^^^^^^^^
  File "C:\Users\LENOVO\Desktop\LANCS STORAGE SYSTEM (Fix)\My_inventory\inventory_system\gudang\views.py", line 81, in index
    return render(request, 'index.html', context)
           ^^^^^^^^^^^^^^^^^^^^^^^^^^^^^^^^^^^^^^
  File "C:\Users\LENOVO\Desktop\LANCS STORAGE SYSTEM (Fix)\My_inventory\.venv\Lib\site-packages\django\shortcuts.py", line 25, in render
    content = loader.render_to_string(template_name, context, request, using=using)
              ^^^^^^^^^^^^^^^^^^^^^^^^^^^^^^^^^^^^^^^^^^^^^^^^^^^^^^^^^^^^^^^^^^^^^
  File "C:\Users\LENOVO\Desktop\LANCS STORAGE SYSTEM (Fix)\My_inventory\.venv\Lib\site-packages\django\template\loader.py", line 62, in render_to_string
    return template.render(context, request)
           ^^^^^^^^^^^^^^^^^^^^^^^^^^^^^^^^^
  File "C:\Users\LENOVO\Desktop\LANCS STORAGE SYSTEM (Fix)\My_inventory\.venv\Lib\site-packages\django\template\backends\django.py", line 107, in render
    return self.template.render(context)
           ^^^^^^^^^^^^^^^^^^^^^^^^^^^^^
  File "C:\Users\LENOVO\Desktop\LANCS STORAGE SYSTEM (Fix)\My_inventory\.venv\Lib\site-packages\django\template\base.py", line 172, in render
    return self._render(context)
           ^^^^^^^^^^^^^^^^^^^^^
  File "C:\Users\LENOVO\Desktop\LANCS STORAGE SYSTEM (Fix)\My_inventory\.venv\Lib\site-packages\django\template\base.py", line 164, in _render
    return self.nodelist.render(context)
           ^^^^^^^^^^^^^^^^^^^^^^^^^^^^^
  File "C:\Users\LENOVO\Desktop\LANCS STORAGE SYSTEM (Fix)\My_inventory\.venv\Lib\site-packages\django\template\base.py", line 1018, in render
    return SafeString("".join([node.render_annotated(context) for node in self]))
                              ^^^^^^^^^^^^^^^^^^^^^^^^^^^^^^^^^^^^^^^^^^^^^^^^^
  File "C:\Users\LENOVO\Desktop\LANCS STORAGE SYSTEM (Fix)\My_inventory\.venv\Lib\site-packages\django\template\base.py", line 1018, in <listcomp>
    return SafeString("".join([node.render_annotated(context) for node in self]))
                               ^^^^^^^^^^^^^^^^^^^^^^^^^^^^^^
  File "C:\Users\LENOVO\Desktop\LANCS STORAGE SYSTEM (Fix)\My_inventory\.venv\Lib\site-packages\django\template\base.py", line 979, in render_annotated
    return self.render(context)
           ^^^^^^^^^^^^^^^^^^^^
  File "C:\Users\LENOVO\Desktop\LANCS STORAGE SYSTEM (Fix)\My_inventory\.venv\Lib\site-packages\django\templatetags\static.py", line 116, in render
    url = self.url(context)
          ^^^^^^^^^^^^^^^^^
  File "C:\Users\LENOVO\Desktop\LANCS STORAGE SYSTEM (Fix)\My_inventory\.venv\Lib\site-packages\django\templatetags\static.py", line 113, in url
    return self.handle_simple(path)
           ^^^^^^^^^^^^^^^^^^^^^^^^
  File "C:\Users\LENOVO\Desktop\LANCS STORAGE SYSTEM (Fix)\My_inventory\.venv\Lib\site-packages\django\templatetags\static.py", line 129, in handle_simple
    return staticfiles_storage.url(path)
           ^^^^^^^^^^^^^^^^^^^^^^^^^^^^^
  File "C:\Users\LENOVO\Desktop\LANCS STORAGE SYSTEM (Fix)\My_inventory\.venv\Lib\site-packages\django\contrib\staticfiles\storage.py", line 204, in url
    return self._url(self.stored_name, name, force)
           ^^^^^^^^^^^^^^^^^^^^^^^^^^^^^^^^^^^^^^^^
  File "C:\Users\LENOVO\Desktop\LANCS STORAGE SYSTEM (Fix)\My_inventory\.venv\Lib\site-packages\django\contrib\staticfiles\storage.py", line 183, in _url
    hashed_name = hashed_name_func(*args)
                  ^^^^^^^^^^^^^^^^^^^^^^^
  File "C:\Users\LENOVO\Desktop\LANCS STORAGE SYSTEM (Fix)\My_inventory\.venv\Lib\site-packages\django\contrib\staticfiles\storage.py", line 518, in stored_name
    raise ValueError(
ValueError: Missing staticfiles manifest entry for 'LogoLancs.jpg'
ERROR 2026-07-30 11:06:39,936 basehttp "GET / HTTP/1.1" 500 145
ERROR 2026-07-30 11:06:40,158 log Internal Server Error: /
Traceback (most recent call last):
  File "C:\Users\LENOVO\Desktop\LANCS STORAGE SYSTEM (Fix)\My_inventory\.venv\Lib\site-packages\django\core\handlers\exception.py", line 55, in inner
    response = get_response(request)
               ^^^^^^^^^^^^^^^^^^^^^
  File "C:\Users\LENOVO\Desktop\LANCS STORAGE SYSTEM (Fix)\My_inventory\.venv\Lib\site-packages\django\core\handlers\base.py", line 197, in _get_response
    response = wrapped_callback(request, *callback_args, **callback_kwargs)
               ^^^^^^^^^^^^^^^^^^^^^^^^^^^^^^^^^^^^^^^^^^^^^^^^^^^^^^^^^^^^
  File "C:\Users\LENOVO\Desktop\LANCS STORAGE SYSTEM (Fix)\My_inventory\.venv\Lib\site-packages\django\contrib\auth\decorators.py", line 59, in _view_wrapper
    return view_func(request, *args, **kwargs)
           ^^^^^^^^^^^^^^^^^^^^^^^^^^^^^^^^^^^
  File "C:\Users\LENOVO\Desktop\LANCS STORAGE SYSTEM (Fix)\My_inventory\inventory_system\gudang\views.py", line 81, in index
    return render(request, 'index.html', context)
           ^^^^^^^^^^^^^^^^^^^^^^^^^^^^^^^^^^^^^^
  File "C:\Users\LENOVO\Desktop\LANCS STORAGE SYSTEM (Fix)\My_inventory\.venv\Lib\site-packages\django\shortcuts.py", line 25, in render
    content = loader.render_to_string(template_name, context, request, using=using)
              ^^^^^^^^^^^^^^^^^^^^^^^^^^^^^^^^^^^^^^^^^^^^^^^^^^^^^^^^^^^^^^^^^^^^^
  File "C:\Users\LENOVO\Desktop\LANCS STORAGE SYSTEM (Fix)\My_inventory\.venv\Lib\site-packages\django\template\loader.py", line 62, in render_to_string
    return template.render(context, request)
           ^^^^^^^^^^^^^^^^^^^^^^^^^^^^^^^^^
  File "C:\Users\LENOVO\Desktop\LANCS STORAGE SYSTEM (Fix)\My_inventory\.venv\Lib\site-packages\django\template\backends\django.py", line 107, in render
    return self.template.render(context)
           ^^^^^^^^^^^^^^^^^^^^^^^^^^^^^
  File "C:\Users\LENOVO\Desktop\LANCS STORAGE SYSTEM (Fix)\My_inventory\.venv\Lib\site-packages\django\template\base.py", line 172, in render
    return self._render(context)
           ^^^^^^^^^^^^^^^^^^^^^
  File "C:\Users\LENOVO\Desktop\LANCS STORAGE SYSTEM (Fix)\My_inventory\.venv\Lib\site-packages\django\template\base.py", line 164, in _render
    return self.nodelist.render(context)
           ^^^^^^^^^^^^^^^^^^^^^^^^^^^^^
  File "C:\Users\LENOVO\Desktop\LANCS STORAGE SYSTEM (Fix)\My_inventory\.venv\Lib\site-packages\django\template\base.py", line 1018, in render
    return SafeString("".join([node.render_annotated(context) for node in self]))
                              ^^^^^^^^^^^^^^^^^^^^^^^^^^^^^^^^^^^^^^^^^^^^^^^^^
  File "C:\Users\LENOVO\Desktop\LANCS STORAGE SYSTEM (Fix)\My_inventory\.venv\Lib\site-packages\django\template\base.py", line 1018, in <listcomp>
    return SafeString("".join([node.render_annotated(context) for node in self]))
                               ^^^^^^^^^^^^^^^^^^^^^^^^^^^^^^
  File "C:\Users\LENOVO\Desktop\LANCS STORAGE SYSTEM (Fix)\My_inventory\.venv\Lib\site-packages\django\template\base.py", line 979, in render_annotated
    return self.render(context)
           ^^^^^^^^^^^^^^^^^^^^
  File "C:\Users\LENOVO\Desktop\LANCS STORAGE SYSTEM (Fix)\My_inventory\.venv\Lib\site-packages\django\templatetags\static.py", line 116, in render
    url = self.url(context)
          ^^^^^^^^^^^^^^^^^
  File "C:\Users\LENOVO\Desktop\LANCS STORAGE SYSTEM (Fix)\My_inventory\.venv\Lib\site-packages\django\templatetags\static.py", line 113, in url
    return self.handle_simple(path)
           ^^^^^^^^^^^^^^^^^^^^^^^^
  File "C:\Users\LENOVO\Desktop\LANCS STORAGE SYSTEM (Fix)\My_inventory\.venv\Lib\site-packages\django\templatetags\static.py", line 129, in handle_simple
    return staticfiles_storage.url(path)
           ^^^^^^^^^^^^^^^^^^^^^^^^^^^^^
  File "C:\Users\LENOVO\Desktop\LANCS STORAGE SYSTEM (Fix)\My_inventory\.venv\Lib\site-packages\django\contrib\staticfiles\storage.py", line 204, in url
    return self._url(self.stored_name, name, force)
           ^^^^^^^^^^^^^^^^^^^^^^^^^^^^^^^^^^^^^^^^
  File "C:\Users\LENOVO\Desktop\LANCS STORAGE SYSTEM (Fix)\My_inventory\.venv\Lib\site-packages\django\contrib\staticfiles\storage.py", line 183, in _url
    hashed_name = hashed_name_func(*args)
                  ^^^^^^^^^^^^^^^^^^^^^^^
  File "C:\Users\LENOVO\Desktop\LANCS STORAGE SYSTEM (Fix)\My_inventory\.venv\Lib\site-packages\django\contrib\staticfiles\storage.py", line 518, in stored_name
    raise ValueError(
ValueError: Missing staticfiles manifest entry for 'LogoLancs.jpg'
ERROR 2026-07-30 11:06:40,161 basehttp "GET / HTTP/1.1" 500 145
ERROR 2026-07-30 11:06:40,353 log Internal Server Error: /
Traceback (most recent call last):
  File "C:\Users\LENOVO\Desktop\LANCS STORAGE SYSTEM (Fix)\My_inventory\.venv\Lib\site-packages\django\core\handlers\exception.py", line 55, in inner
    response = get_response(request)
               ^^^^^^^^^^^^^^^^^^^^^
  File "C:\Users\LENOVO\Desktop\LANCS STORAGE SYSTEM (Fix)\My_inventory\.venv\Lib\site-packages\django\core\handlers\base.py", line 197, in _get_response
    response = wrapped_callback(request, *callback_args, **callback_kwargs)
               ^^^^^^^^^^^^^^^^^^^^^^^^^^^^^^^^^^^^^^^^^^^^^^^^^^^^^^^^^^^^
  File "C:\Users\LENOVO\Desktop\LANCS STORAGE SYSTEM (Fix)\My_inventory\.venv\Lib\site-packages\django\contrib\auth\decorators.py", line 59, in _view_wrapper
    return view_func(request, *args, **kwargs)
           ^^^^^^^^^^^^^^^^^^^^^^^^^^^^^^^^^^^
  File "C:\Users\LENOVO\Desktop\LANCS STORAGE SYSTEM (Fix)\My_inventory\inventory_system\gudang\views.py", line 81, in index
    return render(request, 'index.html', context)
           ^^^^^^^^^^^^^^^^^^^^^^^^^^^^^^^^^^^^^^
  File "C:\Users\LENOVO\Desktop\LANCS STORAGE SYSTEM (Fix)\My_inventory\.venv\Lib\site-packages\django\shortcuts.py", line 25, in render
    content = loader.render_to_string(template_name, context, request, using=using)
              ^^^^^^^^^^^^^^^^^^^^^^^^^^^^^^^^^^^^^^^^^^^^^^^^^^^^^^^^^^^^^^^^^^^^^
  File "C:\Users\LENOVO\Desktop\LANCS STORAGE SYSTEM (Fix)\My_inventory\.venv\Lib\site-packages\django\template\loader.py", line 62, in render_to_string
    return template.render(context, request)
           ^^^^^^^^^^^^^^^^^^^^^^^^^^^^^^^^^
  File "C:\Users\LENOVO\Desktop\LANCS STORAGE SYSTEM (Fix)\My_inventory\.venv\Lib\site-packages\django\template\backends\django.py", line 107, in render
    return self.template.render(context)
           ^^^^^^^^^^^^^^^^^^^^^^^^^^^^^
  File "C:\Users\LENOVO\Desktop\LANCS STORAGE SYSTEM (Fix)\My_inventory\.venv\Lib\site-packages\django\template\base.py", line 172, in render
    return self._render(context)
           ^^^^^^^^^^^^^^^^^^^^^
  File "C:\Users\LENOVO\Desktop\LANCS STORAGE SYSTEM (Fix)\My_inventory\.venv\Lib\site-packages\django\template\base.py", line 164, in _render
    return self.nodelist.render(context)
           ^^^^^^^^^^^^^^^^^^^^^^^^^^^^^
  File "C:\Users\LENOVO\Desktop\LANCS STORAGE SYSTEM (Fix)\My_inventory\.venv\Lib\site-packages\django\template\base.py", line 1018, in render
    return SafeString("".join([node.render_annotated(context) for node in self]))
                              ^^^^^^^^^^^^^^^^^^^^^^^^^^^^^^^^^^^^^^^^^^^^^^^^^
  File "C:\Users\LENOVO\Desktop\LANCS STORAGE SYSTEM (Fix)\My_inventory\.venv\Lib\site-packages\django\template\base.py", line 1018, in <listcomp>
    return SafeString("".join([node.render_annotated(context) for node in self]))
                               ^^^^^^^^^^^^^^^^^^^^^^^^^^^^^^
  File "C:\Users\LENOVO\Desktop\LANCS STORAGE SYSTEM (Fix)\My_inventory\.venv\Lib\site-packages\django\template\base.py", line 979, in render_annotated
    return self.render(context)
           ^^^^^^^^^^^^^^^^^^^^
  File "C:\Users\LENOVO\Desktop\LANCS STORAGE SYSTEM (Fix)\My_inventory\.venv\Lib\site-packages\django\templatetags\static.py", line 116, in render
    url = self.url(context)
          ^^^^^^^^^^^^^^^^^
  File "C:\Users\LENOVO\Desktop\LANCS STORAGE SYSTEM (Fix)\My_inventory\.venv\Lib\site-packages\django\templatetags\static.py", line 113, in url
    return self.handle_simple(path)
           ^^^^^^^^^^^^^^^^^^^^^^^^
  File "C:\Users\LENOVO\Desktop\LANCS STORAGE SYSTEM (Fix)\My_inventory\.venv\Lib\site-packages\django\templatetags\static.py", line 129, in handle_simple
    return staticfiles_storage.url(path)
           ^^^^^^^^^^^^^^^^^^^^^^^^^^^^^
  File "C:\Users\LENOVO\Desktop\LANCS STORAGE SYSTEM (Fix)\My_inventory\.venv\Lib\site-packages\django\contrib\staticfiles\storage.py", line 204, in url
    return self._url(self.stored_name, name, force)
           ^^^^^^^^^^^^^^^^^^^^^^^^^^^^^^^^^^^^^^^^
  File "C:\Users\LENOVO\Desktop\LANCS STORAGE SYSTEM (Fix)\My_inventory\.venv\Lib\site-packages\django\contrib\staticfiles\storage.py", line 183, in _url
    hashed_name = hashed_name_func(*args)
                  ^^^^^^^^^^^^^^^^^^^^^^^
  File "C:\Users\LENOVO\Desktop\LANCS STORAGE SYSTEM (Fix)\My_inventory\.venv\Lib\site-packages\django\contrib\staticfiles\storage.py", line 518, in stored_name
    raise ValueError(
ValueError: Missing staticfiles manifest entry for 'LogoLancs.jpg'
ERROR 2026-07-30 11:06:40,355 basehttp "GET / HTTP/1.1" 500 145
ERROR 2026-07-30 11:06:40,546 log Internal Server Error: /
Traceback (most recent call last):
  File "C:\Users\LENOVO\Desktop\LANCS STORAGE SYSTEM (Fix)\My_inventory\.venv\Lib\site-packages\django\core\handlers\exception.py", line 55, in inner
    response = get_response(request)
               ^^^^^^^^^^^^^^^^^^^^^
  File "C:\Users\LENOVO\Desktop\LANCS STORAGE SYSTEM (Fix)\My_inventory\.venv\Lib\site-packages\django\core\handlers\base.py", line 197, in _get_response
    response = wrapped_callback(request, *callback_args, **callback_kwargs)
               ^^^^^^^^^^^^^^^^^^^^^^^^^^^^^^^^^^^^^^^^^^^^^^^^^^^^^^^^^^^^
  File "C:\Users\LENOVO\Desktop\LANCS STORAGE SYSTEM (Fix)\My_inventory\.venv\Lib\site-packages\django\contrib\auth\decorators.py", line 59, in _view_wrapper
    return view_func(request, *args, **kwargs)
           ^^^^^^^^^^^^^^^^^^^^^^^^^^^^^^^^^^^
  File "C:\Users\LENOVO\Desktop\LANCS STORAGE SYSTEM (Fix)\My_inventory\inventory_system\gudang\views.py", line 81, in index
    return render(request, 'index.html', context)
           ^^^^^^^^^^^^^^^^^^^^^^^^^^^^^^^^^^^^^^
  File "C:\Users\LENOVO\Desktop\LANCS STORAGE SYSTEM (Fix)\My_inventory\.venv\Lib\site-packages\django\shortcuts.py", line 25, in render
    content = loader.render_to_string(template_name, context, request, using=using)
              ^^^^^^^^^^^^^^^^^^^^^^^^^^^^^^^^^^^^^^^^^^^^^^^^^^^^^^^^^^^^^^^^^^^^^
  File "C:\Users\LENOVO\Desktop\LANCS STORAGE SYSTEM (Fix)\My_inventory\.venv\Lib\site-packages\django\template\loader.py", line 62, in render_to_string
    return template.render(context, request)
           ^^^^^^^^^^^^^^^^^^^^^^^^^^^^^^^^^
  File "C:\Users\LENOVO\Desktop\LANCS STORAGE SYSTEM (Fix)\My_inventory\.venv\Lib\site-packages\django\template\backends\django.py", line 107, in render
    return self.template.render(context)
           ^^^^^^^^^^^^^^^^^^^^^^^^^^^^^
  File "C:\Users\LENOVO\Desktop\LANCS STORAGE SYSTEM (Fix)\My_inventory\.venv\Lib\site-packages\django\template\base.py", line 172, in render
    return self._render(context)
           ^^^^^^^^^^^^^^^^^^^^^
  File "C:\Users\LENOVO\Desktop\LANCS STORAGE SYSTEM (Fix)\My_inventory\.venv\Lib\site-packages\django\template\base.py", line 164, in _render
    return self.nodelist.render(context)
           ^^^^^^^^^^^^^^^^^^^^^^^^^^^^^
  File "C:\Users\LENOVO\Desktop\LANCS STORAGE SYSTEM (Fix)\My_inventory\.venv\Lib\site-packages\django\template\base.py", line 1018, in render
    return SafeString("".join([node.render_annotated(context) for node in self]))
                              ^^^^^^^^^^^^^^^^^^^^^^^^^^^^^^^^^^^^^^^^^^^^^^^^^
  File "C:\Users\LENOVO\Desktop\LANCS STORAGE SYSTEM (Fix)\My_inventory\.venv\Lib\site-packages\django\template\base.py", line 1018, in <listcomp>
    return SafeString("".join([node.render_annotated(context) for node in self]))
                               ^^^^^^^^^^^^^^^^^^^^^^^^^^^^^^
  File "C:\Users\LENOVO\Desktop\LANCS STORAGE SYSTEM (Fix)\My_inventory\.venv\Lib\site-packages\django\template\base.py", line 979, in render_annotated
    return self.render(context)
           ^^^^^^^^^^^^^^^^^^^^
  File "C:\Users\LENOVO\Desktop\LANCS STORAGE SYSTEM (Fix)\My_inventory\.venv\Lib\site-packages\django\templatetags\static.py", line 116, in render
    url = self.url(context)
          ^^^^^^^^^^^^^^^^^
  File "C:\Users\LENOVO\Desktop\LANCS STORAGE SYSTEM (Fix)\My_inventory\.venv\Lib\site-packages\django\templatetags\static.py", line 113, in url
    return self.handle_simple(path)
           ^^^^^^^^^^^^^^^^^^^^^^^^
  File "C:\Users\LENOVO\Desktop\LANCS STORAGE SYSTEM (Fix)\My_inventory\.venv\Lib\site-packages\django\templatetags\static.py", line 129, in handle_simple
    return staticfiles_storage.url(path)
           ^^^^^^^^^^^^^^^^^^^^^^^^^^^^^
  File "C:\Users\LENOVO\Desktop\LANCS STORAGE SYSTEM (Fix)\My_inventory\.venv\Lib\site-packages\django\contrib\staticfiles\storage.py", line 204, in url
    return self._url(self.stored_name, name, force)
           ^^^^^^^^^^^^^^^^^^^^^^^^^^^^^^^^^^^^^^^^
  File "C:\Users\LENOVO\Desktop\LANCS STORAGE SYSTEM (Fix)\My_inventory\.venv\Lib\site-packages\django\contrib\staticfiles\storage.py", line 183, in _url
    hashed_name = hashed_name_func(*args)
                  ^^^^^^^^^^^^^^^^^^^^^^^
  File "C:\Users\LENOVO\Desktop\LANCS STORAGE SYSTEM (Fix)\My_inventory\.venv\Lib\site-packages\django\contrib\staticfiles\storage.py", line 518, in stored_name
    raise ValueError(
ValueError: Missing staticfiles manifest entry for 'LogoLancs.jpg'
ERROR 2026-07-30 11:06:40,549 basehttp "GET / HTTP/1.1" 500 145
ERROR 2026-07-30 11:06:40,741 log Internal Server Error: /
Traceback (most recent call last):
  File "C:\Users\LENOVO\Desktop\LANCS STORAGE SYSTEM (Fix)\My_inventory\.venv\Lib\site-packages\django\core\handlers\exception.py", line 55, in inner
    response = get_response(request)
               ^^^^^^^^^^^^^^^^^^^^^
  File "C:\Users\LENOVO\Desktop\LANCS STORAGE SYSTEM (Fix)\My_inventory\.venv\Lib\site-packages\django\core\handlers\base.py", line 197, in _get_response
    response = wrapped_callback(request, *callback_args, **callback_kwargs)
               ^^^^^^^^^^^^^^^^^^^^^^^^^^^^^^^^^^^^^^^^^^^^^^^^^^^^^^^^^^^^
  File "C:\Users\LENOVO\Desktop\LANCS STORAGE SYSTEM (Fix)\My_inventory\.venv\Lib\site-packages\django\contrib\auth\decorators.py", line 59, in _view_wrapper
    return view_func(request, *args, **kwargs)
           ^^^^^^^^^^^^^^^^^^^^^^^^^^^^^^^^^^^
  File "C:\Users\LENOVO\Desktop\LANCS STORAGE SYSTEM (Fix)\My_inventory\inventory_system\gudang\views.py", line 81, in index
    return render(request, 'index.html', context)
           ^^^^^^^^^^^^^^^^^^^^^^^^^^^^^^^^^^^^^^
  File "C:\Users\LENOVO\Desktop\LANCS STORAGE SYSTEM (Fix)\My_inventory\.venv\Lib\site-packages\django\shortcuts.py", line 25, in render
    content = loader.render_to_string(template_name, context, request, using=using)
              ^^^^^^^^^^^^^^^^^^^^^^^^^^^^^^^^^^^^^^^^^^^^^^^^^^^^^^^^^^^^^^^^^^^^^
  File "C:\Users\LENOVO\Desktop\LANCS STORAGE SYSTEM (Fix)\My_inventory\.venv\Lib\site-packages\django\template\loader.py", line 62, in render_to_string
    return template.render(context, request)
           ^^^^^^^^^^^^^^^^^^^^^^^^^^^^^^^^^
  File "C:\Users\LENOVO\Desktop\LANCS STORAGE SYSTEM (Fix)\My_inventory\.venv\Lib\site-packages\django\template\backends\django.py", line 107, in render
    return self.template.render(context)
           ^^^^^^^^^^^^^^^^^^^^^^^^^^^^^
  File "C:\Users\LENOVO\Desktop\LANCS STORAGE SYSTEM (Fix)\My_inventory\.venv\Lib\site-packages\django\template\base.py", line 172, in render
    return self._render(context)
           ^^^^^^^^^^^^^^^^^^^^^
  File "C:\Users\LENOVO\Desktop\LANCS STORAGE SYSTEM (Fix)\My_inventory\.venv\Lib\site-packages\django\template\base.py", line 164, in _render
    return self.nodelist.render(context)
           ^^^^^^^^^^^^^^^^^^^^^^^^^^^^^
  File "C:\Users\LENOVO\Desktop\LANCS STORAGE SYSTEM (Fix)\My_inventory\.venv\Lib\site-packages\django\template\base.py", line 1018, in render
    return SafeString("".join([node.render_annotated(context) for node in self]))
                              ^^^^^^^^^^^^^^^^^^^^^^^^^^^^^^^^^^^^^^^^^^^^^^^^^
  File "C:\Users\LENOVO\Desktop\LANCS STORAGE SYSTEM (Fix)\My_inventory\.venv\Lib\site-packages\django\template\base.py", line 1018, in <listcomp>
    return SafeString("".join([node.render_annotated(context) for node in self]))
                               ^^^^^^^^^^^^^^^^^^^^^^^^^^^^^^
  File "C:\Users\LENOVO\Desktop\LANCS STORAGE SYSTEM (Fix)\My_inventory\.venv\Lib\site-packages\django\template\base.py", line 979, in render_annotated
    return self.render(context)
           ^^^^^^^^^^^^^^^^^^^^
  File "C:\Users\LENOVO\Desktop\LANCS STORAGE SYSTEM (Fix)\My_inventory\.venv\Lib\site-packages\django\templatetags\static.py", line 116, in render
    url = self.url(context)
          ^^^^^^^^^^^^^^^^^
  File "C:\Users\LENOVO\Desktop\LANCS STORAGE SYSTEM (Fix)\My_inventory\.venv\Lib\site-packages\django\templatetags\static.py", line 113, in url
    return self.handle_simple(path)
           ^^^^^^^^^^^^^^^^^^^^^^^^
  File "C:\Users\LENOVO\Desktop\LANCS STORAGE SYSTEM (Fix)\My_inventory\.venv\Lib\site-packages\django\templatetags\static.py", line 129, in handle_simple
    return staticfiles_storage.url(path)
           ^^^^^^^^^^^^^^^^^^^^^^^^^^^^^
  File "C:\Users\LENOVO\Desktop\LANCS STORAGE SYSTEM (Fix)\My_inventory\.venv\Lib\site-packages\django\contrib\staticfiles\storage.py", line 204, in url
    return self._url(self.stored_name, name, force)
           ^^^^^^^^^^^^^^^^^^^^^^^^^^^^^^^^^^^^^^^^
  File "C:\Users\LENOVO\Desktop\LANCS STORAGE SYSTEM (Fix)\My_inventory\.venv\Lib\site-packages\django\contrib\staticfiles\storage.py", line 183, in _url
    hashed_name = hashed_name_func(*args)
                  ^^^^^^^^^^^^^^^^^^^^^^^
  File "C:\Users\LENOVO\Desktop\LANCS STORAGE SYSTEM (Fix)\My_inventory\.venv\Lib\site-packages\django\contrib\staticfiles\storage.py", line 518, in stored_name
    raise ValueError(
ValueError: Missing staticfiles manifest entry for 'LogoLancs.jpg'
ERROR 2026-07-30 11:06:40,743 basehttp "GET / HTTP/1.1" 500 145
ERROR 2026-07-30 11:06:40,891 log Internal Server Error: /
Traceback (most recent call last):
  File "C:\Users\LENOVO\Desktop\LANCS STORAGE SYSTEM (Fix)\My_inventory\.venv\Lib\site-packages\django\core\handlers\exception.py", line 55, in inner
    response = get_response(request)
               ^^^^^^^^^^^^^^^^^^^^^
  File "C:\Users\LENOVO\Desktop\LANCS STORAGE SYSTEM (Fix)\My_inventory\.venv\Lib\site-packages\django\core\handlers\base.py", line 197, in _get_response
    response = wrapped_callback(request, *callback_args, **callback_kwargs)
               ^^^^^^^^^^^^^^^^^^^^^^^^^^^^^^^^^^^^^^^^^^^^^^^^^^^^^^^^^^^^
  File "C:\Users\LENOVO\Desktop\LANCS STORAGE SYSTEM (Fix)\My_inventory\.venv\Lib\site-packages\django\contrib\auth\decorators.py", line 59, in _view_wrapper
    return view_func(request, *args, **kwargs)
           ^^^^^^^^^^^^^^^^^^^^^^^^^^^^^^^^^^^
  File "C:\Users\LENOVO\Desktop\LANCS STORAGE SYSTEM (Fix)\My_inventory\inventory_system\gudang\views.py", line 81, in index
    return render(request, 'index.html', context)
           ^^^^^^^^^^^^^^^^^^^^^^^^^^^^^^^^^^^^^^
  File "C:\Users\LENOVO\Desktop\LANCS STORAGE SYSTEM (Fix)\My_inventory\.venv\Lib\site-packages\django\shortcuts.py", line 25, in render
    content = loader.render_to_string(template_name, context, request, using=using)
              ^^^^^^^^^^^^^^^^^^^^^^^^^^^^^^^^^^^^^^^^^^^^^^^^^^^^^^^^^^^^^^^^^^^^^
  File "C:\Users\LENOVO\Desktop\LANCS STORAGE SYSTEM (Fix)\My_inventory\.venv\Lib\site-packages\django\template\loader.py", line 62, in render_to_string
    return template.render(context, request)
           ^^^^^^^^^^^^^^^^^^^^^^^^^^^^^^^^^
  File "C:\Users\LENOVO\Desktop\LANCS STORAGE SYSTEM (Fix)\My_inventory\.venv\Lib\site-packages\django\template\backends\django.py", line 107, in render
    return self.template.render(context)
           ^^^^^^^^^^^^^^^^^^^^^^^^^^^^^
  File "C:\Users\LENOVO\Desktop\LANCS STORAGE SYSTEM (Fix)\My_inventory\.venv\Lib\site-packages\django\template\base.py", line 172, in render
    return self._render(context)
           ^^^^^^^^^^^^^^^^^^^^^
  File "C:\Users\LENOVO\Desktop\LANCS STORAGE SYSTEM (Fix)\My_inventory\.venv\Lib\site-packages\django\template\base.py", line 164, in _render
    return self.nodelist.render(context)
           ^^^^^^^^^^^^^^^^^^^^^^^^^^^^^
  File "C:\Users\LENOVO\Desktop\LANCS STORAGE SYSTEM (Fix)\My_inventory\.venv\Lib\site-packages\django\template\base.py", line 1018, in render
    return SafeString("".join([node.render_annotated(context) for node in self]))
                              ^^^^^^^^^^^^^^^^^^^^^^^^^^^^^^^^^^^^^^^^^^^^^^^^^
  File "C:\Users\LENOVO\Desktop\LANCS STORAGE SYSTEM (Fix)\My_inventory\.venv\Lib\site-packages\django\template\base.py", line 1018, in <listcomp>
    return SafeString("".join([node.render_annotated(context) for node in self]))
                               ^^^^^^^^^^^^^^^^^^^^^^^^^^^^^^
  File "C:\Users\LENOVO\Desktop\LANCS STORAGE SYSTEM (Fix)\My_inventory\.venv\Lib\site-packages\django\template\base.py", line 979, in render_annotated
    return self.render(context)
           ^^^^^^^^^^^^^^^^^^^^
  File "C:\Users\LENOVO\Desktop\LANCS STORAGE SYSTEM (Fix)\My_inventory\.venv\Lib\site-packages\django\templatetags\static.py", line 116, in render
    url = self.url(context)
          ^^^^^^^^^^^^^^^^^
  File "C:\Users\LENOVO\Desktop\LANCS STORAGE SYSTEM (Fix)\My_inventory\.venv\Lib\site-packages\django\templatetags\static.py", line 113, in url
    return self.handle_simple(path)
           ^^^^^^^^^^^^^^^^^^^^^^^^
  File "C:\Users\LENOVO\Desktop\LANCS STORAGE SYSTEM (Fix)\My_inventory\.venv\Lib\site-packages\django\templatetags\static.py", line 129, in handle_simple
    return staticfiles_storage.url(path)
           ^^^^^^^^^^^^^^^^^^^^^^^^^^^^^
  File "C:\Users\LENOVO\Desktop\LANCS STORAGE SYSTEM (Fix)\My_inventory\.venv\Lib\site-packages\django\contrib\staticfiles\storage.py", line 204, in url
    return self._url(self.stored_name, name, force)
           ^^^^^^^^^^^^^^^^^^^^^^^^^^^^^^^^^^^^^^^^
  File "C:\Users\LENOVO\Desktop\LANCS STORAGE SYSTEM (Fix)\My_inventory\.venv\Lib\site-packages\django\contrib\staticfiles\storage.py", line 183, in _url
    hashed_name = hashed_name_func(*args)
                  ^^^^^^^^^^^^^^^^^^^^^^^
  File "C:\Users\LENOVO\Desktop\LANCS STORAGE SYSTEM (Fix)\My_inventory\.venv\Lib\site-packages\django\contrib\staticfiles\storage.py", line 518, in stored_name
    raise ValueError(
ValueError: Missing staticfiles manifest entry for 'LogoLancs.jpg'
ERROR 2026-07-30 11:06:40,893 basehttp "GET / HTTP/1.1" 500 145
ERROR 2026-07-30 11:13:51,420 log Internal Server Error: /
Traceback (most recent call last):
  File "C:\Users\LENOVO\Desktop\LANCS STORAGE SYSTEM (Fix)\My_inventory\.venv\Lib\site-packages\django\core\handlers\exception.py", line 55, in inner
    response = get_response(request)
               ^^^^^^^^^^^^^^^^^^^^^
  File "C:\Users\LENOVO\Desktop\LANCS STORAGE SYSTEM (Fix)\My_inventory\.venv\Lib\site-packages\django\core\handlers\base.py", line 197, in _get_response
    response = wrapped_callback(request, *callback_args, **callback_kwargs)
               ^^^^^^^^^^^^^^^^^^^^^^^^^^^^^^^^^^^^^^^^^^^^^^^^^^^^^^^^^^^^
  File "C:\Users\LENOVO\Desktop\LANCS STORAGE SYSTEM (Fix)\My_inventory\.venv\Lib\site-packages\django\contrib\auth\decorators.py", line 59, in _view_wrapper
    return view_func(request, *args, **kwargs)
           ^^^^^^^^^^^^^^^^^^^^^^^^^^^^^^^^^^^
  File "C:\Users\LENOVO\Desktop\LANCS STORAGE SYSTEM (Fix)\My_inventory\inventory_system\gudang\views.py", line 81, in index
    return render(request, 'index.html', context)
           ^^^^^^^^^^^^^^^^^^^^^^^^^^^^^^^^^^^^^^
  File "C:\Users\LENOVO\Desktop\LANCS STORAGE SYSTEM (Fix)\My_inventory\.venv\Lib\site-packages\django\shortcuts.py", line 25, in render
    content = loader.render_to_string(template_name, context, request, using=using)
              ^^^^^^^^^^^^^^^^^^^^^^^^^^^^^^^^^^^^^^^^^^^^^^^^^^^^^^^^^^^^^^^^^^^^^
  File "C:\Users\LENOVO\Desktop\LANCS STORAGE SYSTEM (Fix)\My_inventory\.venv\Lib\site-packages\django\template\loader.py", line 62, in render_to_string
    return template.render(context, request)
           ^^^^^^^^^^^^^^^^^^^^^^^^^^^^^^^^^
  File "C:\Users\LENOVO\Desktop\LANCS STORAGE SYSTEM (Fix)\My_inventory\.venv\Lib\site-packages\django\template\backends\django.py", line 107, in render
    return self.template.render(context)
           ^^^^^^^^^^^^^^^^^^^^^^^^^^^^^
  File "C:\Users\LENOVO\Desktop\LANCS STORAGE SYSTEM (Fix)\My_inventory\.venv\Lib\site-packages\django\template\base.py", line 172, in render
    return self._render(context)
           ^^^^^^^^^^^^^^^^^^^^^
  File "C:\Users\LENOVO\Desktop\LANCS STORAGE SYSTEM (Fix)\My_inventory\.venv\Lib\site-packages\django\template\base.py", line 164, in _render
    return self.nodelist.render(context)
           ^^^^^^^^^^^^^^^^^^^^^^^^^^^^^
  File "C:\Users\LENOVO\Desktop\LANCS STORAGE SYSTEM (Fix)\My_inventory\.venv\Lib\site-packages\django\template\base.py", line 1018, in render
    return SafeString("".join([node.render_annotated(context) for node in self]))
                              ^^^^^^^^^^^^^^^^^^^^^^^^^^^^^^^^^^^^^^^^^^^^^^^^^
  File "C:\Users\LENOVO\Desktop\LANCS STORAGE SYSTEM (Fix)\My_inventory\.venv\Lib\site-packages\django\template\base.py", line 1018, in <listcomp>
    return SafeString("".join([node.render_annotated(context) for node in self]))
                               ^^^^^^^^^^^^^^^^^^^^^^^^^^^^^^
  File "C:\Users\LENOVO\Desktop\LANCS STORAGE SYSTEM (Fix)\My_inventory\.venv\Lib\site-packages\django\template\base.py", line 979, in render_annotated
    return self.render(context)
           ^^^^^^^^^^^^^^^^^^^^
  File "C:\Users\LENOVO\Desktop\LANCS STORAGE SYSTEM (Fix)\My_inventory\.venv\Lib\site-packages\django\templatetags\static.py", line 116, in render
    url = self.url(context)
          ^^^^^^^^^^^^^^^^^
  File "C:\Users\LENOVO\Desktop\LANCS STORAGE SYSTEM (Fix)\My_inventory\.venv\Lib\site-packages\django\templatetags\static.py", line 113, in url
    return self.handle_simple(path)
           ^^^^^^^^^^^^^^^^^^^^^^^^
  File "C:\Users\LENOVO\Desktop\LANCS STORAGE SYSTEM (Fix)\My_inventory\.venv\Lib\site-packages\django\templatetags\static.py", line 129, in handle_simple
    return staticfiles_storage.url(path)
           ^^^^^^^^^^^^^^^^^^^^^^^^^^^^^
  File "C:\Users\LENOVO\Desktop\LANCS STORAGE SYSTEM (Fix)\My_inventory\.venv\Lib\site-packages\django\contrib\staticfiles\storage.py", line 204, in url
    return self._url(self.stored_name, name, force)
           ^^^^^^^^^^^^^^^^^^^^^^^^^^^^^^^^^^^^^^^^
  File "C:\Users\LENOVO\Desktop\LANCS STORAGE SYSTEM (Fix)\My_inventory\.venv\Lib\site-packages\django\contrib\staticfiles\storage.py", line 183, in _url
    hashed_name = hashed_name_func(*args)
                  ^^^^^^^^^^^^^^^^^^^^^^^
  File "C:\Users\LENOVO\Desktop\LANCS STORAGE SYSTEM (Fix)\My_inventory\.venv\Lib\site-packages\django\contrib\staticfiles\storage.py", line 518, in stored_name
    raise ValueError(
ValueError: Missing staticfiles manifest entry for 'LogoLancs.jpg'
ERROR 2026-07-30 11:13:51,509 basehttp "GET / HTTP/1.1" 500 145
ERROR 2026-07-30 11:13:52,938 log Internal Server Error: /
Traceback (most recent call last):
  File "C:\Users\LENOVO\Desktop\LANCS STORAGE SYSTEM (Fix)\My_inventory\.venv\Lib\site-packages\django\core\handlers\exception.py", line 55, in inner
    response = get_response(request)
               ^^^^^^^^^^^^^^^^^^^^^
  File "C:\Users\LENOVO\Desktop\LANCS STORAGE SYSTEM (Fix)\My_inventory\.venv\Lib\site-packages\django\core\handlers\base.py", line 197, in _get_response
    response = wrapped_callback(request, *callback_args, **callback_kwargs)
               ^^^^^^^^^^^^^^^^^^^^^^^^^^^^^^^^^^^^^^^^^^^^^^^^^^^^^^^^^^^^
  File "C:\Users\LENOVO\Desktop\LANCS STORAGE SYSTEM (Fix)\My_inventory\.venv\Lib\site-packages\django\contrib\auth\decorators.py", line 59, in _view_wrapper
    return view_func(request, *args, **kwargs)
           ^^^^^^^^^^^^^^^^^^^^^^^^^^^^^^^^^^^
  File "C:\Users\LENOVO\Desktop\LANCS STORAGE SYSTEM (Fix)\My_inventory\inventory_system\gudang\views.py", line 81, in index
    return render(request, 'index.html', context)
           ^^^^^^^^^^^^^^^^^^^^^^^^^^^^^^^^^^^^^^
  File "C:\Users\LENOVO\Desktop\LANCS STORAGE SYSTEM (Fix)\My_inventory\.venv\Lib\site-packages\django\shortcuts.py", line 25, in render
    content = loader.render_to_string(template_name, context, request, using=using)
              ^^^^^^^^^^^^^^^^^^^^^^^^^^^^^^^^^^^^^^^^^^^^^^^^^^^^^^^^^^^^^^^^^^^^^
  File "C:\Users\LENOVO\Desktop\LANCS STORAGE SYSTEM (Fix)\My_inventory\.venv\Lib\site-packages\django\template\loader.py", line 62, in render_to_string
    return template.render(context, request)
           ^^^^^^^^^^^^^^^^^^^^^^^^^^^^^^^^^
  File "C:\Users\LENOVO\Desktop\LANCS STORAGE SYSTEM (Fix)\My_inventory\.venv\Lib\site-packages\django\template\backends\django.py", line 107, in render
    return self.template.render(context)
           ^^^^^^^^^^^^^^^^^^^^^^^^^^^^^
  File "C:\Users\LENOVO\Desktop\LANCS STORAGE SYSTEM (Fix)\My_inventory\.venv\Lib\site-packages\django\template\base.py", line 172, in render
    return self._render(context)
           ^^^^^^^^^^^^^^^^^^^^^
  File "C:\Users\LENOVO\Desktop\LANCS STORAGE SYSTEM (Fix)\My_inventory\.venv\Lib\site-packages\django\template\base.py", line 164, in _render
    return self.nodelist.render(context)
           ^^^^^^^^^^^^^^^^^^^^^^^^^^^^^
  File "C:\Users\LENOVO\Desktop\LANCS STORAGE SYSTEM (Fix)\My_inventory\.venv\Lib\site-packages\django\template\base.py", line 1018, in render
    return SafeString("".join([node.render_annotated(context) for node in self]))
                              ^^^^^^^^^^^^^^^^^^^^^^^^^^^^^^^^^^^^^^^^^^^^^^^^^
  File "C:\Users\LENOVO\Desktop\LANCS STORAGE SYSTEM (Fix)\My_inventory\.venv\Lib\site-packages\django\template\base.py", line 1018, in <listcomp>
    return SafeString("".join([node.render_annotated(context) for node in self]))
                               ^^^^^^^^^^^^^^^^^^^^^^^^^^^^^^
  File "C:\Users\LENOVO\Desktop\LANCS STORAGE SYSTEM (Fix)\My_inventory\.venv\Lib\site-packages\django\template\base.py", line 979, in render_annotated
    return self.render(context)
           ^^^^^^^^^^^^^^^^^^^^
  File "C:\Users\LENOVO\Desktop\LANCS STORAGE SYSTEM (Fix)\My_inventory\.venv\Lib\site-packages\django\templatetags\static.py", line 116, in render
    url = self.url(context)
          ^^^^^^^^^^^^^^^^^
  File "C:\Users\LENOVO\Desktop\LANCS STORAGE SYSTEM (Fix)\My_inventory\.venv\Lib\site-packages\django\templatetags\static.py", line 113, in url
    return self.handle_simple(path)
           ^^^^^^^^^^^^^^^^^^^^^^^^
  File "C:\Users\LENOVO\Desktop\LANCS STORAGE SYSTEM (Fix)\My_inventory\.venv\Lib\site-packages\django\templatetags\static.py", line 129, in handle_simple
    return staticfiles_storage.url(path)
           ^^^^^^^^^^^^^^^^^^^^^^^^^^^^^
  File "C:\Users\LENOVO\Desktop\LANCS STORAGE SYSTEM (Fix)\My_inventory\.venv\Lib\site-packages\django\contrib\staticfiles\storage.py", line 204, in url
    return self._url(self.stored_name, name, force)
           ^^^^^^^^^^^^^^^^^^^^^^^^^^^^^^^^^^^^^^^^
  File "C:\Users\LENOVO\Desktop\LANCS STORAGE SYSTEM (Fix)\My_inventory\.venv\Lib\site-packages\django\contrib\staticfiles\storage.py", line 183, in _url
    hashed_name = hashed_name_func(*args)
                  ^^^^^^^^^^^^^^^^^^^^^^^
  File "C:\Users\LENOVO\Desktop\LANCS STORAGE SYSTEM (Fix)\My_inventory\.venv\Lib\site-packages\django\contrib\staticfiles\storage.py", line 518, in stored_name
    raise ValueError(
ValueError: Missing staticfiles manifest entry for 'LogoLancs.jpg'
ERROR 2026-07-30 11:13:52,941 basehttp "GET / HTTP/1.1" 500 145
ERROR 2026-07-30 11:13:53,143 log Internal Server Error: /
Traceback (most recent call last):
  File "C:\Users\LENOVO\Desktop\LANCS STORAGE SYSTEM (Fix)\My_inventory\.venv\Lib\site-packages\django\core\handlers\exception.py", line 55, in inner
    response = get_response(request)
               ^^^^^^^^^^^^^^^^^^^^^
  File "C:\Users\LENOVO\Desktop\LANCS STORAGE SYSTEM (Fix)\My_inventory\.venv\Lib\site-packages\django\core\handlers\base.py", line 197, in _get_response
    response = wrapped_callback(request, *callback_args, **callback_kwargs)
               ^^^^^^^^^^^^^^^^^^^^^^^^^^^^^^^^^^^^^^^^^^^^^^^^^^^^^^^^^^^^
  File "C:\Users\LENOVO\Desktop\LANCS STORAGE SYSTEM (Fix)\My_inventory\.venv\Lib\site-packages\django\contrib\auth\decorators.py", line 59, in _view_wrapper
    return view_func(request, *args, **kwargs)
           ^^^^^^^^^^^^^^^^^^^^^^^^^^^^^^^^^^^
  File "C:\Users\LENOVO\Desktop\LANCS STORAGE SYSTEM (Fix)\My_inventory\inventory_system\gudang\views.py", line 81, in index
    return render(request, 'index.html', context)
           ^^^^^^^^^^^^^^^^^^^^^^^^^^^^^^^^^^^^^^
  File "C:\Users\LENOVO\Desktop\LANCS STORAGE SYSTEM (Fix)\My_inventory\.venv\Lib\site-packages\django\shortcuts.py", line 25, in render
    content = loader.render_to_string(template_name, context, request, using=using)
              ^^^^^^^^^^^^^^^^^^^^^^^^^^^^^^^^^^^^^^^^^^^^^^^^^^^^^^^^^^^^^^^^^^^^^
  File "C:\Users\LENOVO\Desktop\LANCS STORAGE SYSTEM (Fix)\My_inventory\.venv\Lib\site-packages\django\template\loader.py", line 62, in render_to_string
    return template.render(context, request)
           ^^^^^^^^^^^^^^^^^^^^^^^^^^^^^^^^^
  File "C:\Users\LENOVO\Desktop\LANCS STORAGE SYSTEM (Fix)\My_inventory\.venv\Lib\site-packages\django\template\backends\django.py", line 107, in render
    return self.template.render(context)
           ^^^^^^^^^^^^^^^^^^^^^^^^^^^^^
  File "C:\Users\LENOVO\Desktop\LANCS STORAGE SYSTEM (Fix)\My_inventory\.venv\Lib\site-packages\django\template\base.py", line 172, in render
    return self._render(context)
           ^^^^^^^^^^^^^^^^^^^^^
  File "C:\Users\LENOVO\Desktop\LANCS STORAGE SYSTEM (Fix)\My_inventory\.venv\Lib\site-packages\django\template\base.py", line 164, in _render
    return self.nodelist.render(context)
           ^^^^^^^^^^^^^^^^^^^^^^^^^^^^^
  File "C:\Users\LENOVO\Desktop\LANCS STORAGE SYSTEM (Fix)\My_inventory\.venv\Lib\site-packages\django\template\base.py", line 1018, in render
    return SafeString("".join([node.render_annotated(context) for node in self]))
                              ^^^^^^^^^^^^^^^^^^^^^^^^^^^^^^^^^^^^^^^^^^^^^^^^^
  File "C:\Users\LENOVO\Desktop\LANCS STORAGE SYSTEM (Fix)\My_inventory\.venv\Lib\site-packages\django\template\base.py", line 1018, in <listcomp>
    return SafeString("".join([node.render_annotated(context) for node in self]))
                               ^^^^^^^^^^^^^^^^^^^^^^^^^^^^^^
  File "C:\Users\LENOVO\Desktop\LANCS STORAGE SYSTEM (Fix)\My_inventory\.venv\Lib\site-packages\django\template\base.py", line 979, in render_annotated
    return self.render(context)
           ^^^^^^^^^^^^^^^^^^^^
  File "C:\Users\LENOVO\Desktop\LANCS STORAGE SYSTEM (Fix)\My_inventory\.venv\Lib\site-packages\django\templatetags\static.py", line 116, in render
    url = self.url(context)
          ^^^^^^^^^^^^^^^^^
  File "C:\Users\LENOVO\Desktop\LANCS STORAGE SYSTEM (Fix)\My_inventory\.venv\Lib\site-packages\django\templatetags\static.py", line 113, in url
    return self.handle_simple(path)
           ^^^^^^^^^^^^^^^^^^^^^^^^
  File "C:\Users\LENOVO\Desktop\LANCS STORAGE SYSTEM (Fix)\My_inventory\.venv\Lib\site-packages\django\templatetags\static.py", line 129, in handle_simple
    return staticfiles_storage.url(path)
           ^^^^^^^^^^^^^^^^^^^^^^^^^^^^^
  File "C:\Users\LENOVO\Desktop\LANCS STORAGE SYSTEM (Fix)\My_inventory\.venv\Lib\site-packages\django\contrib\staticfiles\storage.py", line 204, in url
    return self._url(self.stored_name, name, force)
           ^^^^^^^^^^^^^^^^^^^^^^^^^^^^^^^^^^^^^^^^
  File "C:\Users\LENOVO\Desktop\LANCS STORAGE SYSTEM (Fix)\My_inventory\.venv\Lib\site-packages\django\contrib\staticfiles\storage.py", line 183, in _url
    hashed_name = hashed_name_func(*args)
                  ^^^^^^^^^^^^^^^^^^^^^^^
  File "C:\Users\LENOVO\Desktop\LANCS STORAGE SYSTEM (Fix)\My_inventory\.venv\Lib\site-packages\django\contrib\staticfiles\storage.py", line 518, in stored_name
    raise ValueError(
ValueError: Missing staticfiles manifest entry for 'LogoLancs.jpg'
ERROR 2026-07-30 11:13:53,145 basehttp "GET / HTTP/1.1" 500 145
ERROR 2026-07-30 11:13:53,319 log Internal Server Error: /
Traceback (most recent call last):
  File "C:\Users\LENOVO\Desktop\LANCS STORAGE SYSTEM (Fix)\My_inventory\.venv\Lib\site-packages\django\core\handlers\exception.py", line 55, in inner
    response = get_response(request)
               ^^^^^^^^^^^^^^^^^^^^^
  File "C:\Users\LENOVO\Desktop\LANCS STORAGE SYSTEM (Fix)\My_inventory\.venv\Lib\site-packages\django\core\handlers\base.py", line 197, in _get_response
    response = wrapped_callback(request, *callback_args, **callback_kwargs)
               ^^^^^^^^^^^^^^^^^^^^^^^^^^^^^^^^^^^^^^^^^^^^^^^^^^^^^^^^^^^^
  File "C:\Users\LENOVO\Desktop\LANCS STORAGE SYSTEM (Fix)\My_inventory\.venv\Lib\site-packages\django\contrib\auth\decorators.py", line 59, in _view_wrapper
    return view_func(request, *args, **kwargs)
           ^^^^^^^^^^^^^^^^^^^^^^^^^^^^^^^^^^^
  File "C:\Users\LENOVO\Desktop\LANCS STORAGE SYSTEM (Fix)\My_inventory\inventory_system\gudang\views.py", line 81, in index
    return render(request, 'index.html', context)
           ^^^^^^^^^^^^^^^^^^^^^^^^^^^^^^^^^^^^^^
  File "C:\Users\LENOVO\Desktop\LANCS STORAGE SYSTEM (Fix)\My_inventory\.venv\Lib\site-packages\django\shortcuts.py", line 25, in render
    content = loader.render_to_string(template_name, context, request, using=using)
              ^^^^^^^^^^^^^^^^^^^^^^^^^^^^^^^^^^^^^^^^^^^^^^^^^^^^^^^^^^^^^^^^^^^^^
  File "C:\Users\LENOVO\Desktop\LANCS STORAGE SYSTEM (Fix)\My_inventory\.venv\Lib\site-packages\django\template\loader.py", line 62, in render_to_string
    return template.render(context, request)
           ^^^^^^^^^^^^^^^^^^^^^^^^^^^^^^^^^
  File "C:\Users\LENOVO\Desktop\LANCS STORAGE SYSTEM (Fix)\My_inventory\.venv\Lib\site-packages\django\template\backends\django.py", line 107, in render
    return self.template.render(context)
           ^^^^^^^^^^^^^^^^^^^^^^^^^^^^^
  File "C:\Users\LENOVO\Desktop\LANCS STORAGE SYSTEM (Fix)\My_inventory\.venv\Lib\site-packages\django\template\base.py", line 172, in render
    return self._render(context)
           ^^^^^^^^^^^^^^^^^^^^^
  File "C:\Users\LENOVO\Desktop\LANCS STORAGE SYSTEM (Fix)\My_inventory\.venv\Lib\site-packages\django\template\base.py", line 164, in _render
    return self.nodelist.render(context)
           ^^^^^^^^^^^^^^^^^^^^^^^^^^^^^
  File "C:\Users\LENOVO\Desktop\LANCS STORAGE SYSTEM (Fix)\My_inventory\.venv\Lib\site-packages\django\template\base.py", line 1018, in render
    return SafeString("".join([node.render_annotated(context) for node in self]))
                              ^^^^^^^^^^^^^^^^^^^^^^^^^^^^^^^^^^^^^^^^^^^^^^^^^
  File "C:\Users\LENOVO\Desktop\LANCS STORAGE SYSTEM (Fix)\My_inventory\.venv\Lib\site-packages\django\template\base.py", line 1018, in <listcomp>
    return SafeString("".join([node.render_annotated(context) for node in self]))
                               ^^^^^^^^^^^^^^^^^^^^^^^^^^^^^^
  File "C:\Users\LENOVO\Desktop\LANCS STORAGE SYSTEM (Fix)\My_inventory\.venv\Lib\site-packages\django\template\base.py", line 979, in render_annotated
    return self.render(context)
           ^^^^^^^^^^^^^^^^^^^^
  File "C:\Users\LENOVO\Desktop\LANCS STORAGE SYSTEM (Fix)\My_inventory\.venv\Lib\site-packages\django\templatetags\static.py", line 116, in render
    url = self.url(context)
          ^^^^^^^^^^^^^^^^^
  File "C:\Users\LENOVO\Desktop\LANCS STORAGE SYSTEM (Fix)\My_inventory\.venv\Lib\site-packages\django\templatetags\static.py", line 113, in url
    return self.handle_simple(path)
           ^^^^^^^^^^^^^^^^^^^^^^^^
  File "C:\Users\LENOVO\Desktop\LANCS STORAGE SYSTEM (Fix)\My_inventory\.venv\Lib\site-packages\django\templatetags\static.py", line 129, in handle_simple
    return staticfiles_storage.url(path)
           ^^^^^^^^^^^^^^^^^^^^^^^^^^^^^
  File "C:\Users\LENOVO\Desktop\LANCS STORAGE SYSTEM (Fix)\My_inventory\.venv\Lib\site-packages\django\contrib\staticfiles\storage.py", line 204, in url
    return self._url(self.stored_name, name, force)
           ^^^^^^^^^^^^^^^^^^^^^^^^^^^^^^^^^^^^^^^^
  File "C:\Users\LENOVO\Desktop\LANCS STORAGE SYSTEM (Fix)\My_inventory\.venv\Lib\site-packages\django\contrib\staticfiles\storage.py", line 183, in _url
    hashed_name = hashed_name_func(*args)
                  ^^^^^^^^^^^^^^^^^^^^^^^
  File "C:\Users\LENOVO\Desktop\LANCS STORAGE SYSTEM (Fix)\My_inventory\.venv\Lib\site-packages\django\contrib\staticfiles\storage.py", line 518, in stored_name
    raise ValueError(
ValueError: Missing staticfiles manifest entry for 'LogoLancs.jpg'
ERROR 2026-07-30 11:13:53,321 basehttp "GET / HTTP/1.1" 500 145
ERROR 2026-07-30 11:13:53,483 log Internal Server Error: /
Traceback (most recent call last):
  File "C:\Users\LENOVO\Desktop\LANCS STORAGE SYSTEM (Fix)\My_inventory\.venv\Lib\site-packages\django\core\handlers\exception.py", line 55, in inner
    response = get_response(request)
               ^^^^^^^^^^^^^^^^^^^^^
  File "C:\Users\LENOVO\Desktop\LANCS STORAGE SYSTEM (Fix)\My_inventory\.venv\Lib\site-packages\django\core\handlers\base.py", line 197, in _get_response
    response = wrapped_callback(request, *callback_args, **callback_kwargs)
               ^^^^^^^^^^^^^^^^^^^^^^^^^^^^^^^^^^^^^^^^^^^^^^^^^^^^^^^^^^^^
  File "C:\Users\LENOVO\Desktop\LANCS STORAGE SYSTEM (Fix)\My_inventory\.venv\Lib\site-packages\django\contrib\auth\decorators.py", line 59, in _view_wrapper
    return view_func(request, *args, **kwargs)
           ^^^^^^^^^^^^^^^^^^^^^^^^^^^^^^^^^^^
  File "C:\Users\LENOVO\Desktop\LANCS STORAGE SYSTEM (Fix)\My_inventory\inventory_system\gudang\views.py", line 81, in index
    return render(request, 'index.html', context)
           ^^^^^^^^^^^^^^^^^^^^^^^^^^^^^^^^^^^^^^
  File "C:\Users\LENOVO\Desktop\LANCS STORAGE SYSTEM (Fix)\My_inventory\.venv\Lib\site-packages\django\shortcuts.py", line 25, in render
    content = loader.render_to_string(template_name, context, request, using=using)
              ^^^^^^^^^^^^^^^^^^^^^^^^^^^^^^^^^^^^^^^^^^^^^^^^^^^^^^^^^^^^^^^^^^^^^
  File "C:\Users\LENOVO\Desktop\LANCS STORAGE SYSTEM (Fix)\My_inventory\.venv\Lib\site-packages\django\template\loader.py", line 62, in render_to_string
    return template.render(context, request)
           ^^^^^^^^^^^^^^^^^^^^^^^^^^^^^^^^^
  File "C:\Users\LENOVO\Desktop\LANCS STORAGE SYSTEM (Fix)\My_inventory\.venv\Lib\site-packages\django\template\backends\django.py", line 107, in render
    return self.template.render(context)
           ^^^^^^^^^^^^^^^^^^^^^^^^^^^^^
  File "C:\Users\LENOVO\Desktop\LANCS STORAGE SYSTEM (Fix)\My_inventory\.venv\Lib\site-packages\django\template\base.py", line 172, in render
    return self._render(context)
           ^^^^^^^^^^^^^^^^^^^^^
  File "C:\Users\LENOVO\Desktop\LANCS STORAGE SYSTEM (Fix)\My_inventory\.venv\Lib\site-packages\django\template\base.py", line 164, in _render
    return self.nodelist.render(context)
           ^^^^^^^^^^^^^^^^^^^^^^^^^^^^^
  File "C:\Users\LENOVO\Desktop\LANCS STORAGE SYSTEM (Fix)\My_inventory\.venv\Lib\site-packages\django\template\base.py", line 1018, in render
    return SafeString("".join([node.render_annotated(context) for node in self]))
                              ^^^^^^^^^^^^^^^^^^^^^^^^^^^^^^^^^^^^^^^^^^^^^^^^^
  File "C:\Users\LENOVO\Desktop\LANCS STORAGE SYSTEM (Fix)\My_inventory\.venv\Lib\site-packages\django\template\base.py", line 1018, in <listcomp>
    return SafeString("".join([node.render_annotated(context) for node in self]))
                               ^^^^^^^^^^^^^^^^^^^^^^^^^^^^^^
  File "C:\Users\LENOVO\Desktop\LANCS STORAGE SYSTEM (Fix)\My_inventory\.venv\Lib\site-packages\django\template\base.py", line 979, in render_annotated
    return self.render(context)
           ^^^^^^^^^^^^^^^^^^^^
  File "C:\Users\LENOVO\Desktop\LANCS STORAGE SYSTEM (Fix)\My_inventory\.venv\Lib\site-packages\django\templatetags\static.py", line 116, in render
    url = self.url(context)
          ^^^^^^^^^^^^^^^^^
  File "C:\Users\LENOVO\Desktop\LANCS STORAGE SYSTEM (Fix)\My_inventory\.venv\Lib\site-packages\django\templatetags\static.py", line 113, in url
    return self.handle_simple(path)
           ^^^^^^^^^^^^^^^^^^^^^^^^
  File "C:\Users\LENOVO\Desktop\LANCS STORAGE SYSTEM (Fix)\My_inventory\.venv\Lib\site-packages\django\templatetags\static.py", line 129, in handle_simple
    return staticfiles_storage.url(path)
           ^^^^^^^^^^^^^^^^^^^^^^^^^^^^^
  File "C:\Users\LENOVO\Desktop\LANCS STORAGE SYSTEM (Fix)\My_inventory\.venv\Lib\site-packages\django\contrib\staticfiles\storage.py", line 204, in url
    return self._url(self.stored_name, name, force)
           ^^^^^^^^^^^^^^^^^^^^^^^^^^^^^^^^^^^^^^^^
  File "C:\Users\LENOVO\Desktop\LANCS STORAGE SYSTEM (Fix)\My_inventory\.venv\Lib\site-packages\django\contrib\staticfiles\storage.py", line 183, in _url
    hashed_name = hashed_name_func(*args)
                  ^^^^^^^^^^^^^^^^^^^^^^^
  File "C:\Users\LENOVO\Desktop\LANCS STORAGE SYSTEM (Fix)\My_inventory\.venv\Lib\site-packages\django\contrib\staticfiles\storage.py", line 518, in stored_name
    raise ValueError(
ValueError: Missing staticfiles manifest entry for 'LogoLancs.jpg'
ERROR 2026-07-30 11:13:53,487 basehttp "GET / HTTP/1.1" 500 145
